Archive member included to satisfy reference by file (symbol)

c:/st/stm32cubeide_1.5.0/stm32cubeide/plugins/com.st.stm32cube.ide.mcu.externaltools.gnu-tools-for-stm32.7-2018-q2-update.win32_1.5.0.202011040924/tools/bin/../lib/gcc/arm-none-eabi/7.3.1/../../../../arm-none-eabi/lib/thumb/v7e-m/fpv4-sp/hard\libc_nano.a(lib_a-errno.o)
                              Core/Src/syscalls.o (__errno)
c:/st/stm32cubeide_1.5.0/stm32cubeide/plugins/com.st.stm32cube.ide.mcu.externaltools.gnu-tools-for-stm32.7-2018-q2-update.win32_1.5.0.202011040924/tools/bin/../lib/gcc/arm-none-eabi/7.3.1/../../../../arm-none-eabi/lib/thumb/v7e-m/fpv4-sp/hard\libc_nano.a(lib_a-exit.o)
                              c:/st/stm32cubeide_1.5.0/stm32cubeide/plugins/com.st.stm32cube.ide.mcu.externaltools.gnu-tools-for-stm32.7-2018-q2-update.win32_1.5.0.202011040924/tools/bin/../lib/gcc/arm-none-eabi/7.3.1/../../../../arm-none-eabi/lib/thumb/v7e-m/fpv4-sp/hard/crt0.o (exit)
c:/st/stm32cubeide_1.5.0/stm32cubeide/plugins/com.st.stm32cube.ide.mcu.externaltools.gnu-tools-for-stm32.7-2018-q2-update.win32_1.5.0.202011040924/tools/bin/../lib/gcc/arm-none-eabi/7.3.1/../../../../arm-none-eabi/lib/thumb/v7e-m/fpv4-sp/hard\libc_nano.a(lib_a-impure.o)
                              c:/st/stm32cubeide_1.5.0/stm32cubeide/plugins/com.st.stm32cube.ide.mcu.externaltools.gnu-tools-for-stm32.7-2018-q2-update.win32_1.5.0.202011040924/tools/bin/../lib/gcc/arm-none-eabi/7.3.1/../../../../arm-none-eabi/lib/thumb/v7e-m/fpv4-sp/hard\libc_nano.a(lib_a-exit.o) (_global_impure_ptr)
c:/st/stm32cubeide_1.5.0/stm32cubeide/plugins/com.st.stm32cube.ide.mcu.externaltools.gnu-tools-for-stm32.7-2018-q2-update.win32_1.5.0.202011040924/tools/bin/../lib/gcc/arm-none-eabi/7.3.1/../../../../arm-none-eabi/lib/thumb/v7e-m/fpv4-sp/hard\libc_nano.a(lib_a-init.o)
                              c:/st/stm32cubeide_1.5.0/stm32cubeide/plugins/com.st.stm32cube.ide.mcu.externaltools.gnu-tools-for-stm32.7-2018-q2-update.win32_1.5.0.202011040924/tools/bin/../lib/gcc/arm-none-eabi/7.3.1/../../../../arm-none-eabi/lib/thumb/v7e-m/fpv4-sp/hard/crt0.o (__libc_init_array)
c:/st/stm32cubeide_1.5.0/stm32cubeide/plugins/com.st.stm32cube.ide.mcu.externaltools.gnu-tools-for-stm32.7-2018-q2-update.win32_1.5.0.202011040924/tools/bin/../lib/gcc/arm-none-eabi/7.3.1/../../../../arm-none-eabi/lib/thumb/v7e-m/fpv4-sp/hard\libc_nano.a(lib_a-memset.o)
                              c:/st/stm32cubeide_1.5.0/stm32cubeide/plugins/com.st.stm32cube.ide.mcu.externaltools.gnu-tools-for-stm32.7-2018-q2-update.win32_1.5.0.202011040924/tools/bin/../lib/gcc/arm-none-eabi/7.3.1/../../../../arm-none-eabi/lib/thumb/v7e-m/fpv4-sp/hard/crt0.o (memset)

Allocating common symbols
Common symbol       size              file

uwTick              0x4               Drivers/STM32G4xx_HAL_Driver/Src/stm32g4xx_hal.o
hfdcan1             0x64              Core/Src/main.o
TxData              0x1               Core/Src/main.o
RxData              0x1               Core/Src/main.o
TxHeader            0x24              Core/Src/main.o
RxHeader            0x28              Core/Src/main.o

Discarded input sections

 .text          0x0000000000000000        0x0 c:/st/stm32cubeide_1.5.0/stm32cubeide/plugins/com.st.stm32cube.ide.mcu.externaltools.gnu-tools-for-stm32.7-2018-q2-update.win32_1.5.0.202011040924/tools/bin/../lib/gcc/arm-none-eabi/7.3.1/thumb/v7e-m/fpv4-sp/hard/crti.o
 .data          0x0000000000000000        0x0 c:/st/stm32cubeide_1.5.0/stm32cubeide/plugins/com.st.stm32cube.ide.mcu.externaltools.gnu-tools-for-stm32.7-2018-q2-update.win32_1.5.0.202011040924/tools/bin/../lib/gcc/arm-none-eabi/7.3.1/thumb/v7e-m/fpv4-sp/hard/crti.o
 .bss           0x0000000000000000        0x0 c:/st/stm32cubeide_1.5.0/stm32cubeide/plugins/com.st.stm32cube.ide.mcu.externaltools.gnu-tools-for-stm32.7-2018-q2-update.win32_1.5.0.202011040924/tools/bin/../lib/gcc/arm-none-eabi/7.3.1/thumb/v7e-m/fpv4-sp/hard/crti.o
 .data          0x0000000000000000        0x4 c:/st/stm32cubeide_1.5.0/stm32cubeide/plugins/com.st.stm32cube.ide.mcu.externaltools.gnu-tools-for-stm32.7-2018-q2-update.win32_1.5.0.202011040924/tools/bin/../lib/gcc/arm-none-eabi/7.3.1/thumb/v7e-m/fpv4-sp/hard/crtbegin.o
 .text          0x0000000000000000       0x74 c:/st/stm32cubeide_1.5.0/stm32cubeide/plugins/com.st.stm32cube.ide.mcu.externaltools.gnu-tools-for-stm32.7-2018-q2-update.win32_1.5.0.202011040924/tools/bin/../lib/gcc/arm-none-eabi/7.3.1/../../../../arm-none-eabi/lib/thumb/v7e-m/fpv4-sp/hard/crt0.o
 .data          0x0000000000000000        0x0 c:/st/stm32cubeide_1.5.0/stm32cubeide/plugins/com.st.stm32cube.ide.mcu.externaltools.gnu-tools-for-stm32.7-2018-q2-update.win32_1.5.0.202011040924/tools/bin/../lib/gcc/arm-none-eabi/7.3.1/../../../../arm-none-eabi/lib/thumb/v7e-m/fpv4-sp/hard/crt0.o
[...]
Memory Configuration

Name             Origin             Length             Attributes
RAM              0x0000000020000000 0x0000000000020000 xrw
FLASH            0x0000000008000000 0x0000000000020000 xr
*default*        0x0000000000000000 0xffffffffffffffff

Linker script and memory map

LOAD c:/st/stm32cubeide_1.5.0/stm32cubeide/plugins/com.st.stm32cube.ide.mcu.externaltools.gnu-tools-for-stm32.7-2018-q2-update.win32_1.5.0.202011040924/tools/bin/../lib/gcc/arm-none-eabi/7.3.1/thumb/v7e-m/fpv4-sp/hard/crti.o
LOAD c:/st/stm32cubeide_1.5.0/stm32cubeide/plugins/com.st.stm32cube.ide.mcu.externaltools.gnu-tools-for-stm32.7-2018-q2-update.win32_1.5.0.202011040924/tools/bin/../lib/gcc/arm-none-eabi/7.3.1/thumb/v7e-m/fpv4-sp/hard/crtbegin.o
LOAD c:/st/stm32cubeide_1.5.0/stm32cubeide/plugins/com.st.stm32cube.ide.mcu.externaltools.gnu-tools-for-stm32.7-2018-q2-update.win32_1.5.0.202011040924/tools/bin/../lib/gcc/arm-none-eabi/7.3.1/../../../../arm-none-eabi/lib/thumb/v7e-m/fpv4-sp/hard/crt0.o
LOAD Core/Src/main.o
LOAD Core/Src/stm32g4xx_hal_msp.o
LOAD Core/Src/stm32g4xx_it.o
LOAD Core/Src/syscalls.o
LOAD Core/Src/sysmem.o
LOAD Core/Src/system_stm32g4xx.o
LOAD Core/Startup/startup_stm32g474cbtx.o
LOAD Drivers/STM32G4xx_HAL_Driver/Src/stm32g4xx_hal.o
LOAD Drivers/STM32G4xx_HAL_Driver/Src/stm32g4xx_hal_cortex.o
LOAD Drivers/STM32G4xx_HAL_Driver/Src/stm32g4xx_hal_dma.o
LOAD Drivers/STM32G4xx_HAL_Driver/Src/stm32g4xx_hal_dma_ex.o
LOAD Drivers/STM32G4xx_HAL_Driver/Src/stm32g4xx_hal_exti.o
LOAD Drivers/STM32G4xx_HAL_Driver/Src/stm32g4xx_hal_fdcan.o
LOAD Drivers/STM32G4xx_HAL_Driver/Src/stm32g4xx_hal_flash.o
LOAD Drivers/STM32G4xx_HAL_Driver/Src/stm32g4xx_hal_flash_ex.o
LOAD Drivers/STM32G4xx_HAL_Driver/Src/stm32g4xx_hal_flash_ramfunc.o
LOAD Drivers/STM32G4xx_HAL_Driver/Src/stm32g4xx_hal_gpio.o
LOAD Drivers/STM32G4xx_HAL_Driver/Src/stm32g4xx_hal_pwr.o
LOAD Drivers/STM32G4xx_HAL_Driver/Src/stm32g4xx_hal_pwr_ex.o
LOAD Drivers/STM32G4xx_HAL_Driver/Src/stm32g4xx_hal_rcc.o
LOAD Drivers/STM32G4xx_HAL_Driver/Src/stm32g4xx_hal_rcc_ex.o
LOAD Drivers/STM32G4xx_HAL_Driver/Src/stm32g4xx_hal_tim.o
LOAD Drivers/STM32G4xx_HAL_Driver/Src/stm32g4xx_hal_tim_ex.o
START GROUP
LOAD c:/st/stm32cubeide_1.5.0/stm32cubeide/plugins/com.st.stm32cube.ide.mcu.externaltools.gnu-tools-for-stm32.7-2018-q2-update.win32_1.5.0.202011040924/tools/bin/../lib/gcc/arm-none-eabi/7.3.1/../../../../arm-none-eabi/lib/thumb/v7e-m/fpv4-sp/hard\libc_nano.a
LOAD c:/st/stm32cubeide_1.5.0/stm32cubeide/plugins/com.st.stm32cube.ide.mcu.externaltools.gnu-tools-for-stm32.7-2018-q2-update.win32_1.5.0.202011040924/tools/bin/../lib/gcc/arm-none-eabi/7.3.1/../../../../arm-none-eabi/lib/thumb/v7e-m/fpv4-sp/hard\libm.a
END GROUP
START GROUP
LOAD c:/st/stm32cubeide_1.5.0/stm32cubeide/plugins/com.st.stm32cube.ide.mcu.externaltools.gnu-tools-for-stm32.7-2018-q2-update.win32_1.5.0.202011040924/tools/bin/../lib/gcc/arm-none-eabi/7.3.1/thumb/v7e-m/fpv4-sp/hard\libgcc.a
LOAD c:/st/stm32cubeide_1.5.0/stm32cubeide/plugins/com.st.stm32cube.ide.mcu.externaltools.gnu-tools-for-stm32.7-2018-q2-update.win32_1.5.0.202011040924/tools/bin/../lib/gcc/arm-none-eabi/7.3.1/../../../../arm-none-eabi/lib/thumb/v7e-m/fpv4-sp/hard\libc_nano.a
END GROUP
START GROUP
LOAD c:/st/stm32cubeide_1.5.0/stm32cubeide/plugins/com.st.stm32cube.ide.mcu.externaltools.gnu-tools-for-stm32.7-2018-q2-update.win32_1.5.0.202011040924/tools/bin/../lib/gcc/arm-none-eabi/7.3.1/thumb/v7e-m/fpv4-sp/hard\libgcc.a
LOAD c:/st/stm32cubeide_1.5.0/stm32cubeide/plugins/com.st.stm32cube.ide.mcu.externaltools.gnu-tools-for-stm32.7-2018-q2-update.win32_1.5.0.202011040924/tools/bin/../lib/gcc/arm-none-eabi/7.3.1/../../../../arm-none-eabi/lib/thumb/v7e-m/fpv4-sp/hard\libc_nano.a
LOAD c:/st/stm32cubeide_1.5.0/stm32cubeide/plugins/com.st.stm32cube.ide.mcu.externaltools.gnu-tools-for-stm32.7-2018-q2-update.win32_1.5.0.202011040924/tools/bin/../lib/gcc/arm-none-eabi/7.3.1/../../../../arm-none-eabi/lib/thumb/v7e-m/fpv4-sp/hard\libnosys.a
END GROUP
START GROUP
LOAD c:/st/stm32cubeide_1.5.0/stm32cubeide/plugins/com.st.stm32cube.ide.mcu.externaltools.gnu-tools-for-stm32.7-2018-q2-update.win32_1.5.0.202011040924/tools/bin/../lib/gcc/arm-none-eabi/7.3.1/thumb/v7e-m/fpv4-sp/hard\libgcc.a
LOAD c:/st/stm32cubeide_1.5.0/stm32cubeide/plugins/com.st.stm32cube.ide.mcu.externaltools.gnu-tools-for-stm32.7-2018-q2-update.win32_1.5.0.202011040924/tools/bin/../lib/gcc/arm-none-eabi/7.3.1/../../../../arm-none-eabi/lib/thumb/v7e-m/fpv4-sp/hard\libc_nano.a
LOAD c:/st/stm32cubeide_1.5.0/stm32cubeide/plugins/com.st.stm32cube.ide.mcu.externaltools.gnu-tools-for-stm32.7-2018-q2-update.win32_1.5.0.202011040924/tools/bin/../lib/gcc/arm-none-eabi/7.3.1/../../../../arm-none-eabi/lib/thumb/v7e-m/fpv4-sp/hard\libnosys.a
END GROUP
LOAD c:/st/stm32cubeide_1.5.0/stm32cubeide/plugins/com.st.stm32cube.ide.mcu.externaltools.gnu-tools-for-stm32.7-2018-q2-update.win32_1.5.0.202011040924/tools/bin/../lib/gcc/arm-none-eabi/7.3.1/thumb/v7e-m/fpv4-sp/hard/crtend.o
LOAD c:/st/stm32cubeide_1.5.0/stm32cubeide/plugins/com.st.stm32cube.ide.mcu.externaltools.gnu-tools-for-stm32.7-2018-q2-update.win32_1.5.0.202011040924/tools/bin/../lib/gcc/arm-none-eabi/7.3.1/thumb/v7e-m/fpv4-sp/hard/crtn.o
                0x0000000020020000                _estack = (ORIGIN (RAM) + LENGTH (RAM))
                0x0000000000000200                _Min_Heap_Size = 0x200
                0x0000000000000400                _Min_Stack_Size = 0x400

.isr_vector     0x0000000008000000      0x1d8
                0x0000000008000000                . = ALIGN (0x4)
 *(.isr_vector)
 .isr_vector    0x0000000008000000      0x1d8 Core/Startup/startup_stm32g474cbtx.o
                0x0000000008000000                g_pfnVectors
                0x00000000080001d8                . = ALIGN (0x4)

.text           0x00000000080001d8     0x2560
                0x00000000080001d8                . = ALIGN (0x4)
 *(.text)
 .text          0x00000000080001d8       0x40 c:/st/stm32cubeide_1.5.0/stm32cubeide/plugins/com.st.stm32cube.ide.mcu.externaltools.gnu-tools-for-stm32.7-2018-q2-update.win32_1.5.0.202011040924/tools/bin/../lib/gcc/arm-none-eabi/7.3.1/thumb/v7e-m/fpv4-sp/hard/crtbegin.o
 *(.text*)
 .text.main     0x0000000008000218       0xac Core/Src/main.o
                0x0000000008000218                main
 .text.SystemClock_Config
                0x00000000080002c4       0xb0 Core/Src/main.o
                0x00000000080002c4                SystemClock_Config
 .text.MX_FDCAN1_Init
                0x0000000008000374       0x8c Core/Src/main.o
 .text.MX_GPIO_Init
                0x0000000008000400       0x78 Core/Src/main.o
 .text.HAL_FDCAN_RxFifo0Callback
                0x0000000008000478       0x2c Core/Src/main.o
                0x0000000008000478                HAL_FDCAN_RxFifo0Callback
 .text.Error_Handler
                0x00000000080004a4        0x8 Core/Src/main.o
                0x00000000080004a4                Error_Handler
 .text.HAL_MspInit
                0x00000000080004ac       0x48 Core/Src/stm32g4xx_hal_msp.o
                0x00000000080004ac                HAL_MspInit
 .text.HAL_FDCAN_MspInit
                0x00000000080004f4       0xa8 Core/Src/stm32g4xx_hal_msp.o
                0x00000000080004f4                HAL_FDCAN_MspInit
 .text.NMI_Handler
                0x000000000800059c        0x6 Core/Src/stm32g4xx_it.o
                0x000000000800059c                NMI_Handler
 .text.HardFault_Handler
                0x00000000080005a2        0x6 Core/Src/stm32g4xx_it.o
                0x00000000080005a2                HardFault_Handler
 .text.MemManage_Handler
                0x00000000080005a8        0x6 Core/Src/stm32g4xx_it.o
                0x00000000080005a8                MemManage_Handler
 .text.BusFault_Handler
                0x00000000080005ae        0x6 Core/Src/stm32g4xx_it.o
                0x00000000080005ae                BusFault_Handler
 .text.UsageFault_Handler
                0x00000000080005b4        0x6 Core/Src/stm32g4xx_it.o
                0x00000000080005b4                UsageFault_Handler
 .text.SVC_Handler
                0x00000000080005ba        0xe Core/Src/stm32g4xx_it.o
                0x00000000080005ba                SVC_Handler
 .text.DebugMon_Handler
                0x00000000080005c8        0xe Core/Src/stm32g4xx_it.o
                0x00000000080005c8                DebugMon_Handler
 .text.PendSV_Handler
                0x00000000080005d6        0xe Core/Src/stm32g4xx_it.o
                0x00000000080005d6                PendSV_Handler
 .text.SysTick_Handler
                0x00000000080005e4        0xc Core/Src/stm32g4xx_it.o
                0x00000000080005e4                SysTick_Handler
 .text.FDCAN1_IT0_IRQHandler
                0x00000000080005f0       0x14 Core/Src/stm32g4xx_it.o
                0x00000000080005f0                FDCAN1_IT0_IRQHandler
 .text.FDCAN1_IT1_IRQHandler
                0x0000000008000604       0x14 Core/Src/stm32g4xx_it.o
                0x0000000008000604                FDCAN1_IT1_IRQHandler
 .text.SystemInit
                0x0000000008000618       0x2c Core/Src/system_stm32g4xx.o
                0x0000000008000618                SystemInit
 .text.Reset_Handler
                0x0000000008000644       0x50 Core/Startup/startup_stm32g474cbtx.o
                0x0000000008000644                Reset_Handler
 .text.Default_Handler
                0x0000000008000694        0x2 Core/Startup/startup_stm32g474cbtx.o
                0x0000000008000694                RTC_Alarm_IRQHandler
                0x0000000008000694                EXTI2_IRQHandler
                0x0000000008000694                TIM8_TRG_COM_IRQHandler
                0x0000000008000694                TIM8_CC_IRQHandler
                0x0000000008000694                HRTIM1_Master_IRQHandler
                0x0000000008000694                SPI4_IRQHandler
                0x0000000008000694                FDCAN3_IT0_IRQHandler
                0x0000000008000694                TIM1_CC_IRQHandler
                0x0000000008000694                HRTIM1_FLT_IRQHandler
                0x0000000008000694                HRTIM1_TIMF_IRQHandler
                0x0000000008000694                USB_HP_IRQHandler
                0x0000000008000694                CORDIC_IRQHandler
                0x0000000008000694                HRTIM1_TIMD_IRQHandler
                0x0000000008000694                DMA2_Channel8_IRQHandler
                0x0000000008000694                EXTI3_IRQHandler
                0x0000000008000694                I2C3_ER_IRQHandler
                0x0000000008000694                EXTI0_IRQHandler
                0x0000000008000694                I2C2_EV_IRQHandler
                0x0000000008000694                FPU_IRQHandler
                0x0000000008000694                TIM1_UP_TIM16_IRQHandler
                0x0000000008000694                ADC1_2_IRQHandler
                0x0000000008000694                HRTIM1_TIME_IRQHandler
                0x0000000008000694                SPI1_IRQHandler
                0x0000000008000694                TIM6_DAC_IRQHandler
                0x0000000008000694                HRTIM1_TIMC_IRQHandler
                0x0000000008000694                TIM8_UP_IRQHandler
                0x0000000008000694                DMA2_Channel2_IRQHandler
                0x0000000008000694                DMA1_Channel4_IRQHandler
                0x0000000008000694                TIM20_TRG_COM_IRQHandler
                0x0000000008000694                USART3_IRQHandler
                0x0000000008000694                DMA1_Channel7_IRQHandler
                0x0000000008000694                UART5_IRQHandler
                0x0000000008000694                ADC3_IRQHandler
                0x0000000008000694                TIM4_IRQHandler
                0x0000000008000694                DMA2_Channel1_IRQHandler
                0x0000000008000694                QUADSPI_IRQHandler
                0x0000000008000694                I2C1_EV_IRQHandler
                0x0000000008000694                DMA1_Channel6_IRQHandler
                0x0000000008000694                UART4_IRQHandler
                0x0000000008000694                DMA2_Channel4_IRQHandler
                0x0000000008000694                TIM3_IRQHandler
                0x0000000008000694                RCC_IRQHandler
                0x0000000008000694                TIM20_UP_IRQHandler
                0x0000000008000694                DMA1_Channel1_IRQHandler
                0x0000000008000694                Default_Handler
                0x0000000008000694                DMA2_Channel7_IRQHandler
                0x0000000008000694                RTC_TAMP_LSECSS_IRQHandler
                0x0000000008000694                FMAC_IRQHandler
                0x0000000008000694                EXTI15_10_IRQHandler
                0x0000000008000694                DMA1_Channel8_IRQHandler
                0x0000000008000694                HRTIM1_TIMA_IRQHandler
                0x0000000008000694                TIM7_DAC_IRQHandler
                0x0000000008000694                FDCAN3_IT1_IRQHandler
                0x0000000008000694                TIM5_IRQHandler
                0x0000000008000694                UCPD1_IRQHandler
                0x0000000008000694                I2C3_EV_IRQHandler
                0x0000000008000694                EXTI9_5_IRQHandler
                0x0000000008000694                RTC_WKUP_IRQHandler
                0x0000000008000694                PVD_PVM_IRQHandler
                0x0000000008000694                SPI2_IRQHandler
                0x0000000008000694                ADC5_IRQHandler
                0x0000000008000694                DMA2_Channel5_IRQHandler
                0x0000000008000694                CRS_IRQHandler
                0x0000000008000694                DMA1_Channel5_IRQHandler
                0x0000000008000694                USB_LP_IRQHandler
                0x0000000008000694                EXTI4_IRQHandler
                0x0000000008000694                RNG_IRQHandler
                0x0000000008000694                HRTIM1_TIMB_IRQHandler
                0x0000000008000694                TIM1_TRG_COM_TIM17_IRQHandler
                0x0000000008000694                FDCAN2_IT1_IRQHandler
                0x0000000008000694                DMA1_Channel3_IRQHandler
                0x0000000008000694                ADC4_IRQHandler
                0x0000000008000694                WWDG_IRQHandler
                0x0000000008000694                I2C4_EV_IRQHandler
                0x0000000008000694                FDCAN2_IT0_IRQHandler
                0x0000000008000694                LPUART1_IRQHandler
                0x0000000008000694                DMA2_Channel6_IRQHandler
                0x0000000008000694                TIM2_IRQHandler
                0x0000000008000694                COMP7_IRQHandler
                0x0000000008000694                COMP1_2_3_IRQHandler
                0x0000000008000694                EXTI1_IRQHandler
                0x0000000008000694                USART2_IRQHandler
                0x0000000008000694                COMP4_5_6_IRQHandler
                0x0000000008000694                TIM20_BRK_IRQHandler
                0x0000000008000694                I2C2_ER_IRQHandler
                0x0000000008000694                DMA1_Channel2_IRQHandler
                0x0000000008000694                TIM8_BRK_IRQHandler
                0x0000000008000694                FLASH_IRQHandler
                0x0000000008000694                TIM20_CC_IRQHandler
                0x0000000008000694                USART1_IRQHandler
                0x0000000008000694                SPI3_IRQHandler
                0x0000000008000694                I2C1_ER_IRQHandler
                0x0000000008000694                FMC_IRQHandler
                0x0000000008000694                LPTIM1_IRQHandler
                0x0000000008000694                DMAMUX_OVR_IRQHandler
                0x0000000008000694                I2C4_ER_IRQHandler
                0x0000000008000694                USBWakeUp_IRQHandler
                0x0000000008000694                SAI1_IRQHandler
                0x0000000008000694                DMA2_Channel3_IRQHandler
                0x0000000008000694                TIM1_BRK_TIM15_IRQHandler
 .text.HAL_Init
                0x0000000008000696       0x30 Drivers/STM32G4xx_HAL_Driver/Src/stm32g4xx_hal.o
                0x0000000008000696                HAL_Init
 *fill*         0x00000000080006c6        0x2 
 .text.HAL_InitTick
                0x00000000080006c8       0x74 Drivers/STM32G4xx_HAL_Driver/Src/stm32g4xx_hal.o
                0x00000000080006c8                HAL_InitTick
 .text.HAL_IncTick
                0x000000000800073c       0x24 Drivers/STM32G4xx_HAL_Driver/Src/stm32g4xx_hal.o
                0x000000000800073c                HAL_IncTick
 .text.HAL_GetTick
                0x0000000008000760       0x18 Drivers/STM32G4xx_HAL_Driver/Src/stm32g4xx_hal.o
                0x0000000008000760                HAL_GetTick
 .text.__NVIC_SetPriorityGrouping
                0x0000000008000778       0x48 Drivers/STM32G4xx_HAL_Driver/Src/stm32g4xx_hal_cortex.o
 .text.__NVIC_GetPriorityGrouping
                0x00000000080007c0       0x1c Drivers/STM32G4xx_HAL_Driver/Src/stm32g4xx_hal_cortex.o
 .text.__NVIC_EnableIRQ
                0x00000000080007dc       0x3c Drivers/STM32G4xx_HAL_Driver/Src/stm32g4xx_hal_cortex.o
 .text.__NVIC_SetPriority
                0x0000000008000818       0x54 Drivers/STM32G4xx_HAL_Driver/Src/stm32g4xx_hal_cortex.o
 .text.NVIC_EncodePriority
                0x000000000800086c       0x66 Drivers/STM32G4xx_HAL_Driver/Src/stm32g4xx_hal_cortex.o
 *fill*         0x00000000080008d2        0x2 
 .text.SysTick_Config
                0x00000000080008d4       0x44 Drivers/STM32G4xx_HAL_Driver/Src/stm32g4xx_hal_cortex.o
 .text.HAL_NVIC_SetPriorityGrouping
                0x0000000008000918       0x16 Drivers/STM32G4xx_HAL_Driver/Src/stm32g4xx_hal_cortex.o
                0x0000000008000918                HAL_NVIC_SetPriorityGrouping
 .text.HAL_NVIC_SetPriority
                0x000000000800092e       0x34 Drivers/STM32G4xx_HAL_Driver/Src/stm32g4xx_hal_cortex.o
                0x000000000800092e                HAL_NVIC_SetPriority
 .text.HAL_NVIC_EnableIRQ
                0x0000000008000962       0x1c Drivers/STM32G4xx_HAL_Driver/Src/stm32g4xx_hal_cortex.o
                0x0000000008000962                HAL_NVIC_EnableIRQ
 .text.HAL_SYSTICK_Config
                0x000000000800097e       0x18 Drivers/STM32G4xx_HAL_Driver/Src/stm32g4xx_hal_cortex.o
                0x000000000800097e                HAL_SYSTICK_Config
 *fill*         0x0000000008000996        0x2 
 .text.HAL_FDCAN_Init
                0x0000000008000998      0x2b4 Drivers/STM32G4xx_HAL_Driver/Src/stm32g4xx_hal_fdcan.o
                0x0000000008000998                HAL_FDCAN_Init
 .text.HAL_FDCAN_AddMessageToTxFifoQ
                0x0000000008000c4c       0x88 Drivers/STM32G4xx_HAL_Driver/Src/stm32g4xx_hal_fdcan.o
                0x0000000008000c4c                HAL_FDCAN_AddMessageToTxFifoQ
 .text.HAL_FDCAN_GetRxMessage
                0x0000000008000cd4      0x1b4 Drivers/STM32G4xx_HAL_Driver/Src/stm32g4xx_hal_fdcan.o
                0x0000000008000cd4                HAL_FDCAN_GetRxMessage
 .text.HAL_FDCAN_IRQHandler
                0x0000000008000e88      0x272 Drivers/STM32G4xx_HAL_Driver/Src/stm32g4xx_hal_fdcan.o
                0x0000000008000e88                HAL_FDCAN_IRQHandler
 .text.HAL_FDCAN_TxEventFifoCallback
                0x00000000080010fa       0x16 Drivers/STM32G4xx_HAL_Driver/Src/stm32g4xx_hal_fdcan.o
                0x00000000080010fa                HAL_FDCAN_TxEventFifoCallback
 .text.HAL_FDCAN_RxFifo1Callback
                0x0000000008001110       0x16 Drivers/STM32G4xx_HAL_Driver/Src/stm32g4xx_hal_fdcan.o
                0x0000000008001110                HAL_FDCAN_RxFifo1Callback
 .text.HAL_FDCAN_TxFifoEmptyCallback
                0x0000000008001126       0x14 Drivers/STM32G4xx_HAL_Driver/Src/stm32g4xx_hal_fdcan.o
                0x0000000008001126                HAL_FDCAN_TxFifoEmptyCallback
 .text.HAL_FDCAN_TxBufferCompleteCallback
                0x000000000800113a       0x16 Drivers/STM32G4xx_HAL_Driver/Src/stm32g4xx_hal_fdcan.o
                0x000000000800113a                HAL_FDCAN_TxBufferCompleteCallback
 .text.HAL_FDCAN_TxBufferAbortCallback
                0x0000000008001150       0x16 Drivers/STM32G4xx_HAL_Driver/Src/stm32g4xx_hal_fdcan.o
                0x0000000008001150                HAL_FDCAN_TxBufferAbortCallback
 .text.HAL_FDCAN_TimestampWraparoundCallback
                0x0000000008001166       0x14 Drivers/STM32G4xx_HAL_Driver/Src/stm32g4xx_hal_fdcan.o
                0x0000000008001166                HAL_FDCAN_TimestampWraparoundCallback
 .text.HAL_FDCAN_TimeoutOccurredCallback
                0x000000000800117a       0x14 Drivers/STM32G4xx_HAL_Driver/Src/stm32g4xx_hal_fdcan.o
                0x000000000800117a                HAL_FDCAN_TimeoutOccurredCallback
 .text.HAL_FDCAN_HighPriorityMessageCallback
                0x000000000800118e       0x14 Drivers/STM32G4xx_HAL_Driver/Src/stm32g4xx_hal_fdcan.o
                0x000000000800118e                HAL_FDCAN_HighPriorityMessageCallback
 .text.HAL_FDCAN_ErrorCallback
                0x00000000080011a2       0x14 Drivers/STM32G4xx_HAL_Driver/Src/stm32g4xx_hal_fdcan.o
                0x00000000080011a2                HAL_FDCAN_ErrorCallback
 .text.HAL_FDCAN_ErrorStatusCallback
                0x00000000080011b6       0x16 Drivers/STM32G4xx_HAL_Driver/Src/stm32g4xx_hal_fdcan.o
                0x00000000080011b6                HAL_FDCAN_ErrorStatusCallback
 .text.FDCAN_CalcultateRamBlockAddresses
                0x00000000080011cc       0xd8 Drivers/STM32G4xx_HAL_Driver/Src/stm32g4xx_hal_fdcan.o
 .text.FDCAN_CopyMessageToRAM
                0x00000000080012a4       0xf8 Drivers/STM32G4xx_HAL_Driver/Src/stm32g4xx_hal_fdcan.o
 .text.HAL_GPIO_Init
                0x000000000800139c      0x304 Drivers/STM32G4xx_HAL_Driver/Src/stm32g4xx_hal_gpio.o
                0x000000000800139c                HAL_GPIO_Init
 .text.HAL_GPIO_WritePin
                0x00000000080016a0       0x30 Drivers/STM32G4xx_HAL_Driver/Src/stm32g4xx_hal_gpio.o
                0x00000000080016a0                HAL_GPIO_WritePin
 .text.HAL_PWREx_ControlVoltageScaling
                0x00000000080016d0      0x148 Drivers/STM32G4xx_HAL_Driver/Src/stm32g4xx_hal_pwr_ex.o
                0x00000000080016d0                HAL_PWREx_ControlVoltageScaling
 .text.HAL_PWREx_DisableUCPDDeadBattery
                0x0000000008001818       0x20 Drivers/STM32G4xx_HAL_Driver/Src/stm32g4xx_hal_pwr_ex.o
                0x0000000008001818                HAL_PWREx_DisableUCPDDeadBattery
 .text.HAL_RCC_OscConfig
                0x0000000008001838      0x630 Drivers/STM32G4xx_HAL_Driver/Src/stm32g4xx_hal_rcc.o
                0x0000000008001838                HAL_RCC_OscConfig
 .text.HAL_RCC_ClockConfig
                0x0000000008001e68      0x278 Drivers/STM32G4xx_HAL_Driver/Src/stm32g4xx_hal_rcc.o
                0x0000000008001e68                HAL_RCC_ClockConfig
 .text.HAL_RCC_GetSysClockFreq
                0x00000000080020e0       0xc4 Drivers/STM32G4xx_HAL_Driver/Src/stm32g4xx_hal_rcc.o
                0x00000000080020e0                HAL_RCC_GetSysClockFreq
 .text.RCC_GetSysClockFreqFromPLLSource
                0x00000000080021a4       0x8c Drivers/STM32G4xx_HAL_Driver/Src/stm32g4xx_hal_rcc.o
 .text.HAL_RCCEx_PeriphCLKConfig
                0x0000000008002230      0x498 Drivers/STM32G4xx_HAL_Driver/Src/stm32g4xx_hal_rcc_ex.o
                0x0000000008002230                HAL_RCCEx_PeriphCLKConfig
 .text.__libc_init_array
                0x00000000080026c8       0x48 c:/st/stm32cubeide_1.5.0/stm32cubeide/plugins/com.st.stm32cube.ide.mcu.externaltools.gnu-tools-for-stm32.7-2018-q2-update.win32_1.5.0.202011040924/tools/bin/../lib/gcc/arm-none-eabi/7.3.1/../../../../arm-none-eabi/lib/thumb/v7e-m/fpv4-sp/hard\libc_nano.a(lib_a-init.o)
                0x00000000080026c8                __libc_init_array
 .text.memset   0x0000000008002710       0x10 c:/st/stm32cubeide_1.5.0/stm32cubeide/plugins/com.st.stm32cube.ide.mcu.externaltools.gnu-tools-for-stm32.7-2018-q2-update.win32_1.5.0.202011040924/tools/bin/../lib/gcc/arm-none-eabi/7.3.1/../../../../arm-none-eabi/lib/thumb/v7e-m/fpv4-sp/hard\libc_nano.a(lib_a-memset.o)
                0x0000000008002710                memset
 *(.glue_7)
 .glue_7        0x0000000008002720        0x0 linker stubs
 *(.glue_7t)
 .glue_7t       0x0000000008002720        0x0 linker stubs
 *(.eh_frame)
 .eh_frame      0x0000000008002720        0x0 c:/st/stm32cubeide_1.5.0/stm32cubeide/plugins/com.st.stm32cube.ide.mcu.externaltools.gnu-tools-for-stm32.7-2018-q2-update.win32_1.5.0.202011040924/tools/bin/../lib/gcc/arm-none-eabi/7.3.1/thumb/v7e-m/fpv4-sp/hard/crtbegin.o
 *(.init)
 .init          0x0000000008002720        0x4 c:/st/stm32cubeide_1.5.0/stm32cubeide/plugins/com.st.stm32cube.ide.mcu.externaltools.gnu-tools-for-stm32.7-2018-q2-update.win32_1.5.0.202011040924/tools/bin/../lib/gcc/arm-none-eabi/7.3.1/thumb/v7e-m/fpv4-sp/hard/crti.o
                0x0000000008002720                _init
 .init          0x0000000008002724        0x8 c:/st/stm32cubeide_1.5.0/stm32cubeide/plugins/com.st.stm32cube.ide.mcu.externaltools.gnu-tools-for-stm32.7-2018-q2-update.win32_1.5.0.202011040924/tools/bin/../lib/gcc/arm-none-eabi/7.3.1/thumb/v7e-m/fpv4-sp/hard/crtn.o
 *(.fini)
 .fini          0x000000000800272c        0x4 c:/st/stm32cubeide_1.5.0/stm32cubeide/plugins/com.st.stm32cube.ide.mcu.externaltools.gnu-tools-for-stm32.7-2018-q2-update.win32_1.5.0.202011040924/tools/bin/../lib/gcc/arm-none-eabi/7.3.1/thumb/v7e-m/fpv4-sp/hard/crti.o
                0x000000000800272c                _fini
 .fini          0x0000000008002730        0x8 c:/st/stm32cubeide_1.5.0/stm32cubeide/plugins/com.st.stm32cube.ide.mcu.externaltools.gnu-tools-for-stm32.7-2018-q2-update.win32_1.5.0.202011040924/tools/bin/../lib/gcc/arm-none-eabi/7.3.1/thumb/v7e-m/fpv4-sp/hard/crtn.o
                0x0000000008002738                . = ALIGN (0x4)
                0x0000000008002738                _etext = .

.vfp11_veneer   0x0000000008002738        0x0
 .vfp11_veneer  0x0000000008002738        0x0 linker stubs

.v4_bx          0x0000000008002738        0x0
 .v4_bx         0x0000000008002738        0x0 linker stubs

.iplt           0x0000000008002738        0x0
 .iplt          0x0000000008002738        0x0 c:/st/stm32cubeide_1.5.0/stm32cubeide/plugins/com.st.stm32cube.ide.mcu.externaltools.gnu-tools-for-stm32.7-2018-q2-update.win32_1.5.0.202011040924/tools/bin/../lib/gcc/arm-none-eabi/7.3.1/thumb/v7e-m/fpv4-sp/hard/crtbegin.o

.rodata         0x0000000008002738       0x20
                0x0000000008002738                . = ALIGN (0x4)
 *(.rodata)
 *(.rodata*)
 .rodata.AHBPrescTable
                0x0000000008002738       0x10 Core/Src/system_stm32g4xx.o
                0x0000000008002738                AHBPrescTable
 .rodata.DLCtoBytes
                0x0000000008002748       0x10 Drivers/STM32G4xx_HAL_Driver/Src/stm32g4xx_hal_fdcan.o
                0x0000000008002758                . = ALIGN (0x4)

.rel.dyn        0x0000000008002758        0x0
 .rel.iplt      0x0000000008002758        0x0 c:/st/stm32cubeide_1.5.0/stm32cubeide/plugins/com.st.stm32cube.ide.mcu.externaltools.gnu-tools-for-stm32.7-2018-q2-update.win32_1.5.0.202011040924/tools/bin/../lib/gcc/arm-none-eabi/7.3.1/thumb/v7e-m/fpv4-sp/hard/crtbegin.o

.ARM.extab      0x0000000008002758        0x0
                0x0000000008002758                . = ALIGN (0x4)
 *(.ARM.extab* .gnu.linkonce.armextab.*)
                0x0000000008002758                . = ALIGN (0x4)

.ARM            0x0000000008002758        0x0
                0x0000000008002758                . = ALIGN (0x4)
                0x0000000008002758                __exidx_start = .
 *(.ARM.exidx*)
                0x0000000008002758                __exidx_end = .
                0x0000000008002758                . = ALIGN (0x4)

.preinit_array  0x0000000008002758        0x0
                0x0000000008002758                . = ALIGN (0x4)
                0x0000000008002758                PROVIDE (__preinit_array_start = .)
 *(.preinit_array*)
                0x0000000008002758                PROVIDE (__preinit_array_end = .)
                0x0000000008002758                . = ALIGN (0x4)

.init_array     0x0000000008002758        0x4
                0x0000000008002758                . = ALIGN (0x4)
                0x0000000008002758                PROVIDE (__init_array_start = .)
 *(SORT_BY_NAME(.init_array.*))
 *(.init_array*)
 .init_array    0x0000000008002758        0x4 c:/st/stm32cubeide_1.5.0/stm32cubeide/plugins/com.st.stm32cube.ide.mcu.externaltools.gnu-tools-for-stm32.7-2018-q2-update.win32_1.5.0.202011040924/tools/bin/../lib/gcc/arm-none-eabi/7.3.1/thumb/v7e-m/fpv4-sp/hard/crtbegin.o
                0x000000000800275c                PROVIDE (__init_array_end = .)
                0x000000000800275c                . = ALIGN (0x4)

.fini_array     0x000000000800275c        0x4
                0x000000000800275c                . = ALIGN (0x4)
                [!provide]                        PROVIDE (__fini_array_start = .)
 *(SORT_BY_NAME(.fini_array.*))
 *(.fini_array*)
 .fini_array    0x000000000800275c        0x4 c:/st/stm32cubeide_1.5.0/stm32cubeide/plugins/com.st.stm32cube.ide.mcu.externaltools.gnu-tools-for-stm32.7-2018-q2-update.win32_1.5.0.202011040924/tools/bin/../lib/gcc/arm-none-eabi/7.3.1/thumb/v7e-m/fpv4-sp/hard/crtbegin.o
                [!provide]                        PROVIDE (__fini_array_end = .)
                0x0000000008002760                . = ALIGN (0x4)
                0x0000000008002760                _sidata = LOADADDR (.data)

.data           0x0000000020000000        0xc load address 0x0000000008002760
                0x0000000020000000                . = ALIGN (0x4)
                0x0000000020000000                _sdata = .
 *(.data)
 *(.data*)
 .data.SystemCoreClock
                0x0000000020000000        0x4 Core/Src/system_stm32g4xx.o
                0x0000000020000000                SystemCoreClock
 .data.uwTickPrio
                0x0000000020000004        0x4 Drivers/STM32G4xx_HAL_Driver/Src/stm32g4xx_hal.o
                0x0000000020000004                uwTickPrio
 .data.uwTickFreq
                0x0000000020000008        0x4 Drivers/STM32G4xx_HAL_Driver/Src/stm32g4xx_hal.o
                0x0000000020000008                uwTickFreq
 *(.RamFunc)
 *(.RamFunc*)
                0x000000002000000c                . = ALIGN (0x4)
                0x000000002000000c                _edata = .

.igot.plt       0x000000002000000c        0x0 load address 0x000000000800276c
 .igot.plt      0x000000002000000c        0x0 c:/st/stm32cubeide_1.5.0/stm32cubeide/plugins/com.st.stm32cube.ide.mcu.externaltools.gnu-tools-for-stm32.7-2018-q2-update.win32_1.5.0.202011040924/tools/bin/../lib/gcc/arm-none-eabi/7.3.1/thumb/v7e-m/fpv4-sp/hard/crtbegin.o
                0x000000002000000c                . = ALIGN (0x4)

.bss            0x000000002000000c       0xdc load address 0x000000000800276c
                0x000000002000000c                _sbss = .
                0x000000002000000c                __bss_start__ = _sbss
 *(.bss)
 .bss           0x000000002000000c       0x1c c:/st/stm32cubeide_1.5.0/stm32cubeide/plugins/com.st.stm32cube.ide.mcu.externaltools.gnu-tools-for-stm32.7-2018-q2-update.win32_1.5.0.202011040924/tools/bin/../lib/gcc/arm-none-eabi/7.3.1/thumb/v7e-m/fpv4-sp/hard/crtbegin.o
 *(.bss*)
 .bss.Notification_flag
                0x0000000020000028        0x4 Core/Src/main.o
                0x0000000020000028                Notification_flag
 .bss.Transmission_flag
                0x000000002000002c        0x4 Core/Src/main.o
                0x000000002000002c                Transmission_flag
 *(COMMON)
 COMMON         0x0000000020000030       0xb4 Core/Src/main.o
                0x0000000020000030                hfdcan1
                0x0000000020000094                TxData
                0x0000000020000095                RxData
                0x0000000020000098                TxHeader
                0x00000000200000bc                RxHeader
 COMMON         0x00000000200000e4        0x4 Drivers/STM32G4xx_HAL_Driver/Src/stm32g4xx_hal.o
                0x00000000200000e4                uwTick
                0x00000000200000e8                . = ALIGN (0x4)
                0x00000000200000e8                _ebss = .
                0x00000000200000e8                __bss_end__ = _ebss

._user_heap_stack
                0x00000000200000e8      0x600 load address 0x000000000800276c
                0x00000000200000e8                . = ALIGN (0x8)
                [!provide]                        PROVIDE (end = .)
                0x00000000200000e8                PROVIDE (_end = .)
                0x00000000200002e8                . = (. + _Min_Heap_Size)
 *fill*         0x00000000200000e8      0x200 
                0x00000000200006e8                . = (. + _Min_Stack_Size)
 *fill*         0x00000000200002e8      0x400 
                0x00000000200006e8                . = ALIGN (0x8)

/DISCARD/
 libc.a(*)
 libm.a(*)
 libgcc.a(*)

.ARM.attributes
                0x0000000000000000       0x30
 *(.ARM.attributes)
 .ARM.attributes
                0x0000000000000000       0x22 c:/st/stm32cubeide_1.5.0/stm32cubeide/plugins/com.st.stm32cube.ide.mcu.externaltools.gnu-tools-for-stm32.7-2018-q2-update.win32_1.5.0.202011040924/tools/bin/../lib/gcc/arm-none-eabi/7.3.1/thumb/v7e-m/fpv4-sp/hard/crti.o
 .ARM.attributes
                0x0000000000000022       0x34 c:/st/stm32cubeide_1.5.0/stm32cubeide/plugins/com.st.stm32cube.ide.mcu.externaltools.gnu-tools-for-stm32.7-2018-q2-update.win32_1.5.0.202011040924/tools/bin/../lib/gcc/arm-none-eabi/7.3.1/thumb/v7e-m/fpv4-sp/hard/crtbegin.o
 .ARM.attributes
                0x0000000000000056       0x39 Core/Src/main.o
 .ARM.attributes
                0x000000000000008f       0x39 Core/Src/stm32g4xx_hal_msp.o
 .ARM.attributes
                0x00000000000000c8       0x39 Core/Src/stm32g4xx_it.o
 .ARM.attributes
                0x0000000000000101       0x39 Core/Src/system_stm32g4xx.o
 .ARM.attributes
                0x000000000000013a       0x21 Core/Startup/startup_stm32g474cbtx.o
 .ARM.attributes
                0x000000000000015b       0x39 Drivers/STM32G4xx_HAL_Driver/Src/stm32g4xx_hal.o
 .ARM.attributes
                0x0000000000000194       0x39 Drivers/STM32G4xx_HAL_Driver/Src/stm32g4xx_hal_cortex.o
 .ARM.attributes
                0x00000000000001cd       0x39 Drivers/STM32G4xx_HAL_Driver/Src/stm32g4xx_hal_fdcan.o
 .ARM.attributes
                0x0000000000000206       0x39 Drivers/STM32G4xx_HAL_Driver/Src/stm32g4xx_hal_gpio.o
 .ARM.attributes
                0x000000000000023f       0x39 Drivers/STM32G4xx_HAL_Driver/Src/stm32g4xx_hal_pwr_ex.o
 .ARM.attributes
                0x0000000000000278       0x39 Drivers/STM32G4xx_HAL_Driver/Src/stm32g4xx_hal_rcc.o
 .ARM.attributes
                0x00000000000002b1       0x39 Drivers/STM32G4xx_HAL_Driver/Src/stm32g4xx_hal_rcc_ex.o
 .ARM.attributes
                0x00000000000002ea       0x34 c:/st/stm32cubeide_1.5.0/stm32cubeide/plugins/com.st.stm32cube.ide.mcu.externaltools.gnu-tools-for-stm32.7-2018-q2-update.win32_1.5.0.202011040924/tools/bin/../lib/gcc/arm-none-eabi/7.3.1/../../../../arm-none-eabi/lib/thumb/v7e-m/fpv4-sp/hard\libc_nano.a(lib_a-init.o)
 .ARM.attributes
                0x000000000000031e       0x34 c:/st/stm32cubeide_1.5.0/stm32cubeide/plugins/com.st.stm32cube.ide.mcu.externaltools.gnu-tools-for-stm32.7-2018-q2-update.win32_1.5.0.202011040924/tools/bin/../lib/gcc/arm-none-eabi/7.3.1/../../../../arm-none-eabi/lib/thumb/v7e-m/fpv4-sp/hard\libc_nano.a(lib_a-memset.o)
 .ARM.attributes
                0x0000000000000352       0x22 c:/st/stm32cubeide_1.5.0/stm32cubeide/plugins/com.st.stm32cube.ide.mcu.externaltools.gnu-tools-for-stm32.7-2018-q2-update.win32_1.5.0.202011040924/tools/bin/../lib/gcc/arm-none-eabi/7.3.1/thumb/v7e-m/fpv4-sp/hard/crtn.o
OUTPUT(FDCAN_MCP2551.elf elf32-littlearm)

.debug_info     0x0000000000000000     0x8f16
 .debug_info    0x0000000000000000      0xf27 Core/Src/main.o
 .debug_info    0x0000000000000f27      0xd6c Core/Src/stm32g4xx_hal_msp.o
 .debug_info    0x0000000000001c93      0x78a Core/Src/stm32g4xx_it.o
 .debug_info    0x000000000000241d      0x6af Core/Src/system_stm32g4xx.o
 .debug_info    0x0000000000002acc       0x22 Core/Startup/startup_stm32g474cbtx.o
 .debug_info    0x0000000000002aee      0xc64 Drivers/STM32G4xx_HAL_Driver/Src/stm32g4xx_hal.o
 .debug_info    0x0000000000003752      0xf75 Drivers/STM32G4xx_HAL_Driver/Src/stm32g4xx_hal_cortex.o
 .debug_info    0x00000000000046c7     0x1976 Drivers/STM32G4xx_HAL_Driver/Src/stm32g4xx_hal_fdcan.o
 .debug_info    0x000000000000603d      0x978 Drivers/STM32G4xx_HAL_Driver/Src/stm32g4xx_hal_gpio.o
 .debug_info    0x00000000000069b5      0xa9c Drivers/STM32G4xx_HAL_Driver/Src/stm32g4xx_hal_pwr_ex.o
 .debug_info    0x0000000000007451      0xd03 Drivers/STM32G4xx_HAL_Driver/Src/stm32g4xx_hal_rcc.o
 .debug_info    0x0000000000008154      0xdc2 Drivers/STM32G4xx_HAL_Driver/Src/stm32g4xx_hal_rcc_ex.o

.debug_abbrev   0x0000000000000000     0x146f
 .debug_abbrev  0x0000000000000000      0x1d4 Core/Src/main.o
 .debug_abbrev  0x00000000000001d4      0x16f Core/Src/stm32g4xx_hal_msp.o
 .debug_abbrev  0x0000000000000343      0x123 Core/Src/stm32g4xx_it.o
 .debug_abbrev  0x0000000000000466      0x147 Core/Src/system_stm32g4xx.o
 .debug_abbrev  0x00000000000005ad       0x12 Core/Startup/startup_stm32g474cbtx.o
 .debug_abbrev  0x00000000000005bf      0x1fb Drivers/STM32G4xx_HAL_Driver/Src/stm32g4xx_hal.o
 .debug_abbrev  0x00000000000007ba      0x2f1 Drivers/STM32G4xx_HAL_Driver/Src/stm32g4xx_hal_cortex.o
 .debug_abbrev  0x0000000000000aab      0x1be Drivers/STM32G4xx_HAL_Driver/Src/stm32g4xx_hal_fdcan.o
 .debug_abbrev  0x0000000000000c69      0x1c0 Drivers/STM32G4xx_HAL_Driver/Src/stm32g4xx_hal_gpio.o
 .debug_abbrev  0x0000000000000e29      0x1fd Drivers/STM32G4xx_HAL_Driver/Src/stm32g4xx_hal_pwr_ex.o
 .debug_abbrev  0x0000000000001026      0x245 Drivers/STM32G4xx_HAL_Driver/Src/stm32g4xx_hal_rcc.o
 .debug_abbrev  0x000000000000126b      0x204 Drivers/STM32G4xx_HAL_Driver/Src/stm32g4xx_hal_rcc_ex.o

.debug_aranges  0x0000000000000000      0x870
 .debug_aranges
                0x0000000000000000       0x50 Core/Src/main.o
 .debug_aranges
                0x0000000000000050       0x30 Core/Src/stm32g4xx_hal_msp.o
 .debug_aranges
                0x0000000000000080       0x70 Core/Src/stm32g4xx_it.o
 .debug_aranges
                0x00000000000000f0       0x28 Core/Src/system_stm32g4xx.o
 .debug_aranges
                0x0000000000000118       0x28 Core/Startup/startup_stm32g474cbtx.o
 .debug_aranges
                0x0000000000000140      0x130 Drivers/STM32G4xx_HAL_Driver/Src/stm32g4xx_hal.o
 .debug_aranges
                0x0000000000000270      0x118 Drivers/STM32G4xx_HAL_Driver/Src/stm32g4xx_hal_cortex.o
 .debug_aranges
                0x0000000000000388      0x208 Drivers/STM32G4xx_HAL_Driver/Src/stm32g4xx_hal_fdcan.o
 .debug_aranges
                0x0000000000000590       0x58 Drivers/STM32G4xx_HAL_Driver/Src/stm32g4xx_hal_gpio.o
 .debug_aranges
                0x00000000000005e8      0x140 Drivers/STM32G4xx_HAL_Driver/Src/stm32g4xx_hal_pwr_ex.o
 .debug_aranges
                0x0000000000000728       0x98 Drivers/STM32G4xx_HAL_Driver/Src/stm32g4xx_hal_rcc.o
 .debug_aranges
                0x00000000000007c0       0xb0 Drivers/STM32G4xx_HAL_Driver/Src/stm32g4xx_hal_rcc_ex.o

.debug_ranges   0x0000000000000000      0x7b8
 .debug_ranges  0x0000000000000000       0x40 Core/Src/main.o
 .debug_ranges  0x0000000000000040       0x20 Core/Src/stm32g4xx_hal_msp.o
 .debug_ranges  0x0000000000000060       0x60 Core/Src/stm32g4xx_it.o
 .debug_ranges  0x00000000000000c0       0x18 Core/Src/system_stm32g4xx.o
 .debug_ranges  0x00000000000000d8       0x20 Core/Startup/startup_stm32g474cbtx.o
 .debug_ranges  0x00000000000000f8      0x120 Drivers/STM32G4xx_HAL_Driver/Src/stm32g4xx_hal.o
 .debug_ranges  0x0000000000000218      0x108 Drivers/STM32G4xx_HAL_Driver/Src/stm32g4xx_hal_cortex.o
 .debug_ranges  0x0000000000000320      0x1f8 Drivers/STM32G4xx_HAL_Driver/Src/stm32g4xx_hal_fdcan.o
 .debug_ranges  0x0000000000000518       0x48 Drivers/STM32G4xx_HAL_Driver/Src/stm32g4xx_hal_gpio.o
 .debug_ranges  0x0000000000000560      0x130 Drivers/STM32G4xx_HAL_Driver/Src/stm32g4xx_hal_pwr_ex.o
 .debug_ranges  0x0000000000000690       0x88 Drivers/STM32G4xx_HAL_Driver/Src/stm32g4xx_hal_rcc.o
 .debug_ranges  0x0000000000000718       0xa0 Drivers/STM32G4xx_HAL_Driver/Src/stm32g4xx_hal_rcc_ex.o

.debug_macro    0x0000000000000000    0x23581
 .debug_macro   0x0000000000000000      0x1bf Core/Src/main.o
 .debug_macro   0x00000000000001bf      0xa5a Core/Src/main.o
 .debug_macro   0x0000000000000c19      0x155 Core/Src/main.o
 .debug_macro   0x0000000000000d6e       0x2e Core/Src/main.o
 .debug_macro   0x0000000000000d9c       0x28 Core/Src/main.o
 .debug_macro   0x0000000000000dc4       0x22 Core/Src/main.o
 .debug_macro   0x0000000000000de6       0x8e Core/Src/main.o
 .debug_macro   0x0000000000000e74       0x51 Core/Src/main.o
 .debug_macro   0x0000000000000ec5       0xef Core/Src/main.o
 .debug_macro   0x0000000000000fb4       0x6a Core/Src/main.o
 .debug_macro   0x000000000000101e      0x1df Core/Src/main.o
 .debug_macro   0x00000000000011fd       0x1c Core/Src/main.o
 .debug_macro   0x0000000000001219       0x22 Core/Src/main.o
 .debug_macro   0x000000000000123b      0x101 Core/Src/main.o
 .debug_macro   0x000000000000133c     0x1011 Core/Src/main.o
 .debug_macro   0x000000000000234d      0x11f Core/Src/main.o
 .debug_macro   0x000000000000246c    0x18597 Core/Src/main.o
 .debug_macro   0x000000000001aa03       0x43 Core/Src/main.o
 .debug_macro   0x000000000001aa46     0x34ed Core/Src/main.o
 .debug_macro   0x000000000001df33      0x174 Core/Src/main.o
 .debug_macro   0x000000000001e0a7       0x5a Core/Src/main.o
 .debug_macro   0x000000000001e101     0x16e0 Core/Src/main.o
 .debug_macro   0x000000000001f7e1      0x600 Core/Src/main.o
 .debug_macro   0x000000000001fde1      0x137 Core/Src/main.o
 .debug_macro   0x000000000001ff18      0x34b Core/Src/main.o
 .debug_macro   0x0000000000020263      0x53c Core/Src/main.o
 .debug_macro   0x000000000002079f      0x18b Core/Src/main.o
 .debug_macro   0x000000000002092a       0x43 Core/Src/main.o
 .debug_macro   0x000000000002096d      0x23d Core/Src/main.o
 .debug_macro   0x0000000000020baa      0x212 Core/Src/main.o
 .debug_macro   0x0000000000020dbc      0x6af Core/Src/main.o
 .debug_macro   0x000000000002146b      0x45c Core/Src/main.o
 .debug_macro   0x00000000000218c7      0x11c Core/Src/main.o
 .debug_macro   0x00000000000219e3      0x122 Core/Src/main.o
 .debug_macro   0x0000000000021b05      0x3d1 Core/Src/main.o
 .debug_macro   0x0000000000021ed6      0x359 Core/Src/main.o
 .debug_macro   0x000000000002222f       0x1c Core/Src/main.o
 .debug_macro   0x000000000002224b      0x1bf Core/Src/stm32g4xx_hal_msp.o
 .debug_macro   0x000000000002240a      0x1c9 Core/Src/stm32g4xx_it.o
 .debug_macro   0x00000000000225d3      0x1b6 Core/Src/system_stm32g4xx.o
 .debug_macro   0x0000000000022789      0x1fe Drivers/STM32G4xx_HAL_Driver/Src/stm32g4xx_hal.o
 .debug_macro   0x0000000000022987      0x1b0 Drivers/STM32G4xx_HAL_Driver/Src/stm32g4xx_hal_cortex.o
 .debug_macro   0x0000000000022b37      0x2c2 Drivers/STM32G4xx_HAL_Driver/Src/stm32g4xx_hal_fdcan.o
 .debug_macro   0x0000000000022df9      0x1e8 Drivers/STM32G4xx_HAL_Driver/Src/stm32g4xx_hal_gpio.o
 .debug_macro   0x0000000000022fe1      0x1da Drivers/STM32G4xx_HAL_Driver/Src/stm32g4xx_hal_pwr_ex.o
 .debug_macro   0x00000000000231bb      0x1ec Drivers/STM32G4xx_HAL_Driver/Src/stm32g4xx_hal_rcc.o
 .debug_macro   0x00000000000233a7      0x1da Drivers/STM32G4xx_HAL_Driver/Src/stm32g4xx_hal_rcc_ex.o

.debug_line     0x0000000000000000     0x6557
 .debug_line    0x0000000000000000      0x748 Core/Src/main.o
 .debug_line    0x0000000000000748      0x6c7 Core/Src/stm32g4xx_hal_msp.o
 .debug_line    0x0000000000000e0f      0x75d Core/Src/stm32g4xx_it.o
 .debug_line    0x000000000000156c      0x6ab Core/Src/system_stm32g4xx.o
 .debug_line    0x0000000000001c17       0x89 Core/Startup/startup_stm32g474cbtx.o
 .debug_line    0x0000000000001ca0      0x931 Drivers/STM32G4xx_HAL_Driver/Src/stm32g4xx_hal.o
 .debug_line    0x00000000000025d1      0x9b9 Drivers/STM32G4xx_HAL_Driver/Src/stm32g4xx_hal_cortex.o
 .debug_line    0x0000000000002f8a      0xe64 Drivers/STM32G4xx_HAL_Driver/Src/stm32g4xx_hal_fdcan.o
 .debug_line    0x0000000000003dee      0x833 Drivers/STM32G4xx_HAL_Driver/Src/stm32g4xx_hal_gpio.o
 .debug_line    0x0000000000004621      0xa1c Drivers/STM32G4xx_HAL_Driver/Src/stm32g4xx_hal_pwr_ex.o
 .debug_line    0x000000000000503d      0x970 Drivers/STM32G4xx_HAL_Driver/Src/stm32g4xx_hal_rcc.o
 .debug_line    0x00000000000059ad      0xbaa Drivers/STM32G4xx_HAL_Driver/Src/stm32g4xx_hal_rcc_ex.o

.debug_str      0x0000000000000000    0xe14f6
 .debug_str     0x0000000000000000    0xde277 Core/Src/main.o
                                      0xde589 (size before relaxing)
 .debug_str     0x00000000000de277      0x681 Core/Src/stm32g4xx_hal_msp.o
                                      0xde716 (size before relaxing)
 .debug_str     0x00000000000de8f8       0xe9 Core/Src/stm32g4xx_it.o
                                      0xddfed (size before relaxing)
 .debug_str     0x00000000000de9e1       0xc6 Core/Src/system_stm32g4xx.o
                                      0xddd80 (size before relaxing)
 .debug_str     0x00000000000deaa7       0x36 Core/Startup/startup_stm32g474cbtx.o
                                         0x76 (size before relaxing)
 .debug_str     0x00000000000deadd      0x59b Drivers/STM32G4xx_HAL_Driver/Src/stm32g4xx_hal.o
                                      0xdea11 (size before relaxing)
 .debug_str     0x00000000000df078      0x39a Drivers/STM32G4xx_HAL_Driver/Src/stm32g4xx_hal_cortex.o
                                      0xde719 (size before relaxing)
 .debug_str     0x00000000000df412     0x123d Drivers/STM32G4xx_HAL_Driver/Src/stm32g4xx_hal_fdcan.o
                                      0xdf2eb (size before relaxing)
 .debug_str     0x00000000000e064f      0x201 Drivers/STM32G4xx_HAL_Driver/Src/stm32g4xx_hal_gpio.o
                                      0xddfed (size before relaxing)
 .debug_str     0x00000000000e0850      0x4d2 Drivers/STM32G4xx_HAL_Driver/Src/stm32g4xx_hal_pwr_ex.o
                                      0xde25f (size before relaxing)
 .debug_str     0x00000000000e0d22      0x3d1 Drivers/STM32G4xx_HAL_Driver/Src/stm32g4xx_hal_rcc.o
                                      0xde31f (size before relaxing)
 .debug_str     0x00000000000e10f3      0x403 Drivers/STM32G4xx_HAL_Driver/Src/stm32g4xx_hal_rcc_ex.o
                                      0xde461 (size before relaxing)

.comment        0x0000000000000000       0x7b
 .comment       0x0000000000000000       0x7b Core/Src/main.o
                                         0x7c (size before relaxing)
 .comment       0x000000000000007b       0x7c Core/Src/stm32g4xx_hal_msp.o
 .comment       0x000000000000007b       0x7c Core/Src/stm32g4xx_it.o
 .comment       0x000000000000007b       0x7c Core/Src/system_stm32g4xx.o
 .comment       0x000000000000007b       0x7c Drivers/STM32G4xx_HAL_Driver/Src/stm32g4xx_hal.o
 .comment       0x000000000000007b       0x7c Drivers/STM32G4xx_HAL_Driver/Src/stm32g4xx_hal_cortex.o
 .comment       0x000000000000007b       0x7c Drivers/STM32G4xx_HAL_Driver/Src/stm32g4xx_hal_fdcan.o
 .comment       0x000000000000007b       0x7c Drivers/STM32G4xx_HAL_Driver/Src/stm32g4xx_hal_gpio.o
 .comment       0x000000000000007b       0x7c Drivers/STM32G4xx_HAL_Driver/Src/stm32g4xx_hal_pwr_ex.o
 .comment       0x000000000000007b       0x7c Drivers/STM32G4xx_HAL_Driver/Src/stm32g4xx_hal_rcc.o
 .comment       0x000000000000007b       0x7c Drivers/STM32G4xx_HAL_Driver/Src/stm32g4xx_hal_rcc_ex.o

.debug_frame    0x0000000000000000     0x2170
 .debug_frame   0x0000000000000000       0xfc Core/Src/main.o
 .debug_frame   0x00000000000000fc       0x7c Core/Src/stm32g4xx_hal_msp.o
 .debug_frame   0x0000000000000178      0x13c Core/Src/stm32g4xx_it.o
 .debug_frame   0x00000000000002b4       0x58 Core/Src/system_stm32g4xx.o
 .debug_frame   0x000000000000030c      0x4a0 Drivers/STM32G4xx_HAL_Driver/Src/stm32g4xx_hal.o
 .debug_frame   0x00000000000007ac      0x498 Drivers/STM32G4xx_HAL_Driver/Src/stm32g4xx_hal_cortex.o
 .debug_frame   0x0000000000000c44      0x9b0 Drivers/STM32G4xx_HAL_Driver/Src/stm32g4xx_hal_fdcan.o
 .debug_frame   0x00000000000015f4      0x14c Drivers/STM32G4xx_HAL_Driver/Src/stm32g4xx_hal_gpio.o
 .debug_frame   0x0000000000001740      0x4fc Drivers/STM32G4xx_HAL_Driver/Src/stm32g4xx_hal_pwr_ex.o
 .debug_frame   0x0000000000001c3c      0x23c Drivers/STM32G4xx_HAL_Driver/Src/stm32g4xx_hal_rcc.o
 .debug_frame   0x0000000000001e78      0x2ac Drivers/STM32G4xx_HAL_Driver/Src/stm32g4xx_hal_rcc_ex.o
 .debug_frame   0x0000000000002124       0x2c c:/st/stm32cubeide_1.5.0/stm32cubeide/plugins/com.st.stm32cube.ide.mcu.externaltools.gnu-tools-for-stm32.7-2018-q2-update.win32_1.5.0.202011040924/tools/bin/../lib/gcc/arm-none-eabi/7.3.1/../../../../arm-none-eabi/lib/thumb/v7e-m/fpv4-sp/hard\libc_nano.a(lib_a-init.o)
 .debug_frame   0x0000000000002150       0x20 c:/st/stm32cubeide_1.5.0/stm32cubeide/plugins/com.st.stm32cube.ide.mcu.externaltools.gnu-tools-for-stm32.7-2018-q2-update.win32_1.5.0.202011040924/tools/bin/../lib/gcc/arm-none-eabi/7.3.1/../../../../arm-none-eabi/lib/thumb/v7e-m/fpv4-sp/hard\libc_nano.a(lib_a-memset.o)
