Archive member included to satisfy reference by file (symbol)

c:/st/stm32cubeide_1.5.0/stm32cubeide/plugins/com.st.stm32cube.ide.mcu.externaltools.gnu-tools-for-stm32.7-2018-q2-update.win32_1.5.0.202011040924/tools/bin/../lib/gcc/arm-none-eabi/7.3.1/../../../../arm-none-eabi/lib/thumb/v7e-m/fpv4-sp/hard\libc_nano.a(lib_a-errno.o)
                              Core/Src/syscalls.o (__errno)
c:/st/stm32cubeide_1.5.0/stm32cubeide/plugins/com.st.stm32cube.ide.mcu.externaltools.gnu-tools-for-stm32.7-2018-q2-update.win32_1.5.0.202011040924/tools/bin/../lib/gcc/arm-none-eabi/7.3.1/../../../../arm-none-eabi/lib/thumb/v7e-m/fpv4-sp/hard\libc_nano.a(lib_a-exit.o)
                              c:/st/stm32cubeide_1.5.0/stm32cubeide/plugins/com.st.stm32cube.ide.mcu.externaltools.gnu-tools-for-stm32.7-2018-q2-update.win32_1.5.0.202011040924/tools/bin/../lib/gcc/arm-none-eabi/7.3.1/../../../../arm-none-eabi/lib/thumb/v7e-m/fpv4-sp/hard/crt0.o (exit)
c:/st/stm32cubeide_1.5.0/stm32cubeide/plugins/com.st.stm32cube.ide.mcu.externaltools.gnu-tools-for-stm32.7-2018-q2-update.win32_1.5.0.202011040924/tools/bin/../lib/gcc/arm-none-eabi/7.3.1/../../../../arm-none-eabi/lib/thumb/v7e-m/fpv4-sp/hard\libc_nano.a(lib_a-impure.o)
                              c:/st/stm32cubeide_1.5.0/stm32cubeide/plugins/com.st.stm32cube.ide.mcu.externaltools.gnu-tools-for-stm32.7-2018-q2-update.win32_1.5.0.202011040924/tools/bin/../lib/gcc/arm-none-eabi/7.3.1/../../../../arm-none-eabi/lib/thumb/v7e-m/fpv4-sp/hard\libc_nano.a(lib_a-exit.o) (_global_impure_ptr)
c:/st/stm32cubeide_1.5.0/stm32cubeide/plugins/com.st.stm32cube.ide.mcu.externaltools.gnu-tools-for-stm32.7-2018-q2-update.win32_1.5.0.202011040924/tools/bin/../lib/gcc/arm-none-eabi/7.3.1/../../../../arm-none-eabi/lib/thumb/v7e-m/fpv4-sp/hard\libc_nano.a(lib_a-init.o)
                              c:/st/stm32cubeide_1.5.0/stm32cubeide/plugins/com.st.stm32cube.ide.mcu.externaltools.gnu-tools-for-stm32.7-2018-q2-update.win32_1.5.0.202011040924/tools/bin/../lib/gcc/arm-none-eabi/7.3.1/../../../../arm-none-eabi/lib/thumb/v7e-m/fpv4-sp/hard/crt0.o (__libc_init_array)
c:/st/stm32cubeide_1.5.0/stm32cubeide/plugins/com.st.stm32cube.ide.mcu.externaltools.gnu-tools-for-stm32.7-2018-q2-update.win32_1.5.0.202011040924/tools/bin/../lib/gcc/arm-none-eabi/7.3.1/../../../../arm-none-eabi/lib/thumb/v7e-m/fpv4-sp/hard\libc_nano.a(lib_a-memset.o)
                              c:/st/stm32cubeide_1.5.0/stm32cubeide/plugins/com.st.stm32cube.ide.mcu.externaltools.gnu-tools-for-stm32.7-2018-q2-update.win32_1.5.0.202011040924/tools/bin/../lib/gcc/arm-none-eabi/7.3.1/../../../../arm-none-eabi/lib/thumb/v7e-m/fpv4-sp/hard/crt0.o (memset)
c:/st/stm32cubeide_1.5.0/stm32cubeide/plugins/com.st.stm32cube.ide.mcu.externaltools.gnu-tools-for-stm32.7-2018-q2-update.win32_1.5.0.202011040924/tools/bin/../lib/gcc/arm-none-eabi/7.3.1/thumb/v7e-m/fpv4-sp/hard\libgcc.a(_arm_addsubdf3.o)
                              Core/Src/main.o (__aeabi_dsub)
c:/st/stm32cubeide_1.5.0/stm32cubeide/plugins/com.st.stm32cube.ide.mcu.externaltools.gnu-tools-for-stm32.7-2018-q2-update.win32_1.5.0.202011040924/tools/bin/../lib/gcc/arm-none-eabi/7.3.1/thumb/v7e-m/fpv4-sp/hard\libgcc.a(_arm_muldivdf3.o)
                              Core/Src/main.o (__aeabi_ddiv)
c:/st/stm32cubeide_1.5.0/stm32cubeide/plugins/com.st.stm32cube.ide.mcu.externaltools.gnu-tools-for-stm32.7-2018-q2-update.win32_1.5.0.202011040924/tools/bin/../lib/gcc/arm-none-eabi/7.3.1/thumb/v7e-m/fpv4-sp/hard\libgcc.a(_arm_truncdfsf2.o)
                              Core/Src/main.o (__aeabi_d2f)

Allocating common symbols
Common symbol       size              file

uwTick              0x4               Drivers/STM32G4xx_HAL_Driver/Src/stm32g4xx_hal.o
hadc1               0x6c              Core/Src/main.o
hdma_adc1           0x60              Core/Src/main.o
hfdcan1             0x64              Core/Src/main.o
TxHeader            0x24              Core/Src/main.o
htim7               0x4c              Core/Src/main.o

Discarded input sections

 .text          0x0000000000000000        0x0 c:/st/stm32cubeide_1.5.0/stm32cubeide/plugins/com.st.stm32cube.ide.mcu.externaltools.gnu-tools-for-stm32.7-2018-q2-update.win32_1.5.0.202011040924/tools/bin/../lib/gcc/arm-none-eabi/7.3.1/thumb/v7e-m/fpv4-sp/hard/crti.o
 .data          0x0000000000000000        0x0 c:/st/stm32cubeide_1.5.0/stm32cubeide/plugins/com.st.stm32cube.ide.mcu.externaltools.gnu-tools-for-stm32.7-2018-q2-update.win32_1.5.0.202011040924/tools/bin/../lib/gcc/arm-none-eabi/7.3.1/thumb/v7e-m/fpv4-sp/hard/crti.o
 .bss           0x0000000000000000        0x0 c:/st/stm32cubeide_1.5.0/stm32cubeide/plugins/com.st.stm32cube.ide.mcu.externaltools.gnu-tools-for-stm32.7-2018-q2-update.win32_1.5.0.202011040924/tools/bin/../lib/gcc/arm-none-eabi/7.3.1/thumb/v7e-m/fpv4-sp/hard/crti.o
[...]
Memory Configuration

Name             Origin             Length             Attributes
RAM              0x0000000020000000 0x0000000000008000 xrw
FLASH            0x0000000008000000 0x0000000000020000 xr
*default*        0x0000000000000000 0xffffffffffffffff

Linker script and memory map

LOAD c:/st/stm32cubeide_1.5.0/stm32cubeide/plugins/com.st.stm32cube.ide.mcu.externaltools.gnu-tools-for-stm32.7-2018-q2-update.win32_1.5.0.202011040924/tools/bin/../lib/gcc/arm-none-eabi/7.3.1/thumb/v7e-m/fpv4-sp/hard/crti.o
LOAD c:/st/stm32cubeide_1.5.0/stm32cubeide/plugins/com.st.stm32cube.ide.mcu.externaltools.gnu-tools-for-stm32.7-2018-q2-update.win32_1.5.0.202011040924/tools/bin/../lib/gcc/arm-none-eabi/7.3.1/thumb/v7e-m/fpv4-sp/hard/crtbegin.o
LOAD c:/st/stm32cubeide_1.5.0/stm32cubeide/plugins/com.st.stm32cube.ide.mcu.externaltools.gnu-tools-for-stm32.7-2018-q2-update.win32_1.5.0.202011040924/tools/bin/../lib/gcc/arm-none-eabi/7.3.1/../../../../arm-none-eabi/lib/thumb/v7e-m/fpv4-sp/hard/crt0.o
LOAD Core/Src/main.o
LOAD Core/Src/stm32g4xx_hal_msp.o
LOAD Core/Src/stm32g4xx_it.o
LOAD Core/Src/syscalls.o
LOAD Core/Src/sysmem.o
LOAD Core/Src/system_stm32g4xx.o
LOAD Core/Startup/startup_stm32g441cbtx.o
LOAD Drivers/STM32G4xx_HAL_Driver/Src/stm32g4xx_hal.o
LOAD Drivers/STM32G4xx_HAL_Driver/Src/stm32g4xx_hal_adc.o
LOAD Drivers/STM32G4xx_HAL_Driver/Src/stm32g4xx_hal_adc_ex.o
LOAD Drivers/STM32G4xx_HAL_Driver/Src/stm32g4xx_hal_cortex.o
LOAD Drivers/STM32G4xx_HAL_Driver/Src/stm32g4xx_hal_dma.o
LOAD Drivers/STM32G4xx_HAL_Driver/Src/stm32g4xx_hal_dma_ex.o
LOAD Drivers/STM32G4xx_HAL_Driver/Src/stm32g4xx_hal_exti.o
LOAD Drivers/STM32G4xx_HAL_Driver/Src/stm32g4xx_hal_fdcan.o
LOAD Drivers/STM32G4xx_HAL_Driver/Src/stm32g4xx_hal_flash.o
LOAD Drivers/STM32G4xx_HAL_Driver/Src/stm32g4xx_hal_flash_ex.o
LOAD Drivers/STM32G4xx_HAL_Driver/Src/stm32g4xx_hal_flash_ramfunc.o
LOAD Drivers/STM32G4xx_HAL_Driver/Src/stm32g4xx_hal_gpio.o
LOAD Drivers/STM32G4xx_HAL_Driver/Src/stm32g4xx_hal_pwr.o
LOAD Drivers/STM32G4xx_HAL_Driver/Src/stm32g4xx_hal_pwr_ex.o
LOAD Drivers/STM32G4xx_HAL_Driver/Src/stm32g4xx_hal_rcc.o
LOAD Drivers/STM32G4xx_HAL_Driver/Src/stm32g4xx_hal_rcc_ex.o
LOAD Drivers/STM32G4xx_HAL_Driver/Src/stm32g4xx_hal_tim.o
LOAD Drivers/STM32G4xx_HAL_Driver/Src/stm32g4xx_hal_tim_ex.o
LOAD Drivers/STM32G4xx_HAL_Driver/Src/stm32g4xx_ll_adc.o
START GROUP
LOAD c:/st/stm32cubeide_1.5.0/stm32cubeide/plugins/com.st.stm32cube.ide.mcu.externaltools.gnu-tools-for-stm32.7-2018-q2-update.win32_1.5.0.202011040924/tools/bin/../lib/gcc/arm-none-eabi/7.3.1/../../../../arm-none-eabi/lib/thumb/v7e-m/fpv4-sp/hard\libc_nano.a
LOAD c:/st/stm32cubeide_1.5.0/stm32cubeide/plugins/com.st.stm32cube.ide.mcu.externaltools.gnu-tools-for-stm32.7-2018-q2-update.win32_1.5.0.202011040924/tools/bin/../lib/gcc/arm-none-eabi/7.3.1/../../../../arm-none-eabi/lib/thumb/v7e-m/fpv4-sp/hard\libm.a
END GROUP
START GROUP
LOAD c:/st/stm32cubeide_1.5.0/stm32cubeide/plugins/com.st.stm32cube.ide.mcu.externaltools.gnu-tools-for-stm32.7-2018-q2-update.win32_1.5.0.202011040924/tools/bin/../lib/gcc/arm-none-eabi/7.3.1/thumb/v7e-m/fpv4-sp/hard\libgcc.a
LOAD c:/st/stm32cubeide_1.5.0/stm32cubeide/plugins/com.st.stm32cube.ide.mcu.externaltools.gnu-tools-for-stm32.7-2018-q2-update.win32_1.5.0.202011040924/tools/bin/../lib/gcc/arm-none-eabi/7.3.1/../../../../arm-none-eabi/lib/thumb/v7e-m/fpv4-sp/hard\libc_nano.a
END GROUP
START GROUP
LOAD c:/st/stm32cubeide_1.5.0/stm32cubeide/plugins/com.st.stm32cube.ide.mcu.externaltools.gnu-tools-for-stm32.7-2018-q2-update.win32_1.5.0.202011040924/tools/bin/../lib/gcc/arm-none-eabi/7.3.1/thumb/v7e-m/fpv4-sp/hard\libgcc.a
LOAD c:/st/stm32cubeide_1.5.0/stm32cubeide/plugins/com.st.stm32cube.ide.mcu.externaltools.gnu-tools-for-stm32.7-2018-q2-update.win32_1.5.0.202011040924/tools/bin/../lib/gcc/arm-none-eabi/7.3.1/../../../../arm-none-eabi/lib/thumb/v7e-m/fpv4-sp/hard\libc_nano.a
LOAD c:/st/stm32cubeide_1.5.0/stm32cubeide/plugins/com.st.stm32cube.ide.mcu.externaltools.gnu-tools-for-stm32.7-2018-q2-update.win32_1.5.0.202011040924/tools/bin/../lib/gcc/arm-none-eabi/7.3.1/../../../../arm-none-eabi/lib/thumb/v7e-m/fpv4-sp/hard\libnosys.a
END GROUP
START GROUP
LOAD c:/st/stm32cubeide_1.5.0/stm32cubeide/plugins/com.st.stm32cube.ide.mcu.externaltools.gnu-tools-for-stm32.7-2018-q2-update.win32_1.5.0.202011040924/tools/bin/../lib/gcc/arm-none-eabi/7.3.1/thumb/v7e-m/fpv4-sp/hard\libgcc.a
LOAD c:/st/stm32cubeide_1.5.0/stm32cubeide/plugins/com.st.stm32cube.ide.mcu.externaltools.gnu-tools-for-stm32.7-2018-q2-update.win32_1.5.0.202011040924/tools/bin/../lib/gcc/arm-none-eabi/7.3.1/../../../../arm-none-eabi/lib/thumb/v7e-m/fpv4-sp/hard\libc_nano.a
LOAD c:/st/stm32cubeide_1.5.0/stm32cubeide/plugins/com.st.stm32cube.ide.mcu.externaltools.gnu-tools-for-stm32.7-2018-q2-update.win32_1.5.0.202011040924/tools/bin/../lib/gcc/arm-none-eabi/7.3.1/../../../../arm-none-eabi/lib/thumb/v7e-m/fpv4-sp/hard\libnosys.a
END GROUP
LOAD c:/st/stm32cubeide_1.5.0/stm32cubeide/plugins/com.st.stm32cube.ide.mcu.externaltools.gnu-tools-for-stm32.7-2018-q2-update.win32_1.5.0.202011040924/tools/bin/../lib/gcc/arm-none-eabi/7.3.1/thumb/v7e-m/fpv4-sp/hard/crtend.o
LOAD c:/st/stm32cubeide_1.5.0/stm32cubeide/plugins/com.st.stm32cube.ide.mcu.externaltools.gnu-tools-for-stm32.7-2018-q2-update.win32_1.5.0.202011040924/tools/bin/../lib/gcc/arm-none-eabi/7.3.1/thumb/v7e-m/fpv4-sp/hard/crtn.o
                0x0000000020008000                _estack = (ORIGIN (RAM) + LENGTH (RAM))
                0x0000000000000200                _Min_Heap_Size = 0x200
                0x0000000000000400                _Min_Stack_Size = 0x400

.isr_vector     0x0000000008000000      0x1d8
                0x0000000008000000                . = ALIGN (0x4)
 *(.isr_vector)
 .isr_vector    0x0000000008000000      0x1d8 Core/Startup/startup_stm32g441cbtx.o
                0x0000000008000000                g_pfnVectors
                0x00000000080001d8                . = ALIGN (0x4)

.text           0x00000000080001d8     0x5360
                0x00000000080001d8                . = ALIGN (0x4)
 *(.text)
 .text          0x00000000080001d8       0x40 c:/st/stm32cubeide_1.5.0/stm32cubeide/plugins/com.st.stm32cube.ide.mcu.externaltools.gnu-tools-for-stm32.7-2018-q2-update.win32_1.5.0.202011040924/tools/bin/../lib/gcc/arm-none-eabi/7.3.1/thumb/v7e-m/fpv4-sp/hard/crtbegin.o
 .text          0x0000000008000218      0x378 c:/st/stm32cubeide_1.5.0/stm32cubeide/plugins/com.st.stm32cube.ide.mcu.externaltools.gnu-tools-for-stm32.7-2018-q2-update.win32_1.5.0.202011040924/tools/bin/../lib/gcc/arm-none-eabi/7.3.1/thumb/v7e-m/fpv4-sp/hard\libgcc.a(_arm_addsubdf3.o)
                0x0000000008000218                __aeabi_drsub
                0x0000000008000220                __aeabi_dsub
                0x0000000008000220                __subdf3
                0x0000000008000224                __aeabi_dadd
                0x0000000008000224                __adddf3
                0x000000000800049c                __floatunsidf
                0x000000000800049c                __aeabi_ui2d
                0x00000000080004bc                __floatsidf
                0x00000000080004bc                __aeabi_i2d
                0x00000000080004e0                __aeabi_f2d
                0x00000000080004e0                __extendsfdf2
                0x0000000008000524                __floatundidf
                0x0000000008000524                __aeabi_ul2d
                0x0000000008000534                __floatdidf
                0x0000000008000534                __aeabi_l2d
 .text          0x0000000008000590      0x424 c:/st/stm32cubeide_1.5.0/stm32cubeide/plugins/com.st.stm32cube.ide.mcu.externaltools.gnu-tools-for-stm32.7-2018-q2-update.win32_1.5.0.202011040924/tools/bin/../lib/gcc/arm-none-eabi/7.3.1/thumb/v7e-m/fpv4-sp/hard\libgcc.a(_arm_muldivdf3.o)
                0x0000000008000590                __aeabi_dmul
                0x0000000008000590                __muldf3
                0x00000000080007e4                __divdf3
                0x00000000080007e4                __aeabi_ddiv
 .text          0x00000000080009b4       0xa0 c:/st/stm32cubeide_1.5.0/stm32cubeide/plugins/com.st.stm32cube.ide.mcu.externaltools.gnu-tools-for-stm32.7-2018-q2-update.win32_1.5.0.202011040924/tools/bin/../lib/gcc/arm-none-eabi/7.3.1/thumb/v7e-m/fpv4-sp/hard\libgcc.a(_arm_truncdfsf2.o)
                0x00000000080009b4                __truncdfsf2
                0x00000000080009b4                __aeabi_d2f
 *(.text*)
 *fill*         0x0000000008000a54        0x4 
 .text.main     0x0000000008000a58      0x1a0 Core/Src/main.o
                0x0000000008000a58                main
 .text.SystemClock_Config
                0x0000000008000bf8       0xb4 Core/Src/main.o
                0x0000000008000bf8                SystemClock_Config
 .text.MX_ADC1_Init
                0x0000000008000cac      0x130 Core/Src/main.o
 .text.MX_FDCAN1_Init
                0x0000000008000ddc       0x8c Core/Src/main.o
 .text.MX_TIM7_Init
                0x0000000008000e68       0x70 Core/Src/main.o
 .text.MX_DMA_Init
                0x0000000008000ed8       0x54 Core/Src/main.o
 .text.MX_GPIO_Init
                0x0000000008000f2c       0xb0 Core/Src/main.o
 .text.Multiplex
                0x0000000008000fdc      0x1a0 Core/Src/main.o
                0x0000000008000fdc                Multiplex
 .text.Range_Temperature
                0x000000000800117c       0x74 Core/Src/main.o
                0x000000000800117c                Range_Temperature
 .text.HAL_TIM_PeriodElapsedCallback
                0x00000000080011f0       0x40 Core/Src/main.o
                0x00000000080011f0                HAL_TIM_PeriodElapsedCallback
 .text.Error_Handler
                0x0000000008001230       0x44 Core/Src/main.o
                0x0000000008001230                Error_Handler
 .text.HAL_MspInit
                0x0000000008001274       0x48 Core/Src/stm32g4xx_hal_msp.o
                0x0000000008001274                HAL_MspInit
 .text.HAL_ADC_MspInit
                0x00000000080012bc      0x11c Core/Src/stm32g4xx_hal_msp.o
                0x00000000080012bc                HAL_ADC_MspInit
 .text.HAL_FDCAN_MspInit
                0x00000000080013d8       0x88 Core/Src/stm32g4xx_hal_msp.o
                0x00000000080013d8                HAL_FDCAN_MspInit
 .text.HAL_TIM_Base_MspInit
                0x0000000008001460       0x4c Core/Src/stm32g4xx_hal_msp.o
                0x0000000008001460                HAL_TIM_Base_MspInit
 .text.NMI_Handler
                0x00000000080014ac        0x6 Core/Src/stm32g4xx_it.o
                0x00000000080014ac                NMI_Handler
 .text.HardFault_Handler
                0x00000000080014b2        0x6 Core/Src/stm32g4xx_it.o
                0x00000000080014b2                HardFault_Handler
 .text.MemManage_Handler
                0x00000000080014b8        0x6 Core/Src/stm32g4xx_it.o
                0x00000000080014b8                MemManage_Handler
 .text.BusFault_Handler
                0x00000000080014be        0x6 Core/Src/stm32g4xx_it.o
                0x00000000080014be                BusFault_Handler
 .text.UsageFault_Handler
                0x00000000080014c4        0x6 Core/Src/stm32g4xx_it.o
                0x00000000080014c4                UsageFault_Handler
 .text.SVC_Handler
                0x00000000080014ca        0xe Core/Src/stm32g4xx_it.o
                0x00000000080014ca                SVC_Handler
 .text.DebugMon_Handler
                0x00000000080014d8        0xe Core/Src/stm32g4xx_it.o
                0x00000000080014d8                DebugMon_Handler
 .text.PendSV_Handler
                0x00000000080014e6        0xe Core/Src/stm32g4xx_it.o
                0x00000000080014e6                PendSV_Handler
 .text.SysTick_Handler
                0x00000000080014f4        0xc Core/Src/stm32g4xx_it.o
                0x00000000080014f4                SysTick_Handler
 .text.DMA1_Channel1_IRQHandler
                0x0000000008001500       0x14 Core/Src/stm32g4xx_it.o
                0x0000000008001500                DMA1_Channel1_IRQHandler
 .text.ADC1_2_IRQHandler
                0x0000000008001514       0x14 Core/Src/stm32g4xx_it.o
                0x0000000008001514                ADC1_2_IRQHandler
 .text.TIM7_IRQHandler
                0x0000000008001528       0x14 Core/Src/stm32g4xx_it.o
                0x0000000008001528                TIM7_IRQHandler
 .text.SystemInit
                0x000000000800153c       0x2c Core/Src/system_stm32g4xx.o
                0x000000000800153c                SystemInit
 .text.Reset_Handler
                0x0000000008001568       0x50 Core/Startup/startup_stm32g441cbtx.o
                0x0000000008001568                Reset_Handler
 .text.Default_Handler
                0x00000000080015b8        0x2 Core/Startup/startup_stm32g441cbtx.o
                0x00000000080015b8                RTC_Alarm_IRQHandler
                0x00000000080015b8                EXTI2_IRQHandler
                0x00000000080015b8                TIM8_TRG_COM_IRQHandler
                0x00000000080015b8                TIM8_CC_IRQHandler
                0x00000000080015b8                TIM1_CC_IRQHandler
                0x00000000080015b8                USB_HP_IRQHandler
                0x00000000080015b8                CORDIC_IRQHandler
                0x00000000080015b8                EXTI3_IRQHandler
                0x00000000080015b8                I2C3_ER_IRQHandler
                0x00000000080015b8                EXTI0_IRQHandler
                0x00000000080015b8                I2C2_EV_IRQHandler
                0x00000000080015b8                FPU_IRQHandler
                0x00000000080015b8                FDCAN1_IT1_IRQHandler
                0x00000000080015b8                TIM1_UP_TIM16_IRQHandler
                0x00000000080015b8                SPI1_IRQHandler
                0x00000000080015b8                TIM6_DAC_IRQHandler
                0x00000000080015b8                TIM8_UP_IRQHandler
                0x00000000080015b8                DMA2_Channel2_IRQHandler
                0x00000000080015b8                DMA1_Channel4_IRQHandler
                0x00000000080015b8                USART3_IRQHandler
                0x00000000080015b8                TIM4_IRQHandler
                0x00000000080015b8                DMA2_Channel1_IRQHandler
                0x00000000080015b8                I2C1_EV_IRQHandler
                0x00000000080015b8                DMA1_Channel6_IRQHandler
                0x00000000080015b8                UART4_IRQHandler
                0x00000000080015b8                DMA2_Channel4_IRQHandler
                0x00000000080015b8                TIM3_IRQHandler
                0x00000000080015b8                RCC_IRQHandler
                0x00000000080015b8                Default_Handler
                0x00000000080015b8                RTC_TAMP_LSECSS_IRQHandler
                0x00000000080015b8                FMAC_IRQHandler
                0x00000000080015b8                EXTI15_10_IRQHandler
                0x00000000080015b8                UCPD1_IRQHandler
                0x00000000080015b8                I2C3_EV_IRQHandler
                0x00000000080015b8                EXTI9_5_IRQHandler
                0x00000000080015b8                RTC_WKUP_IRQHandler
                0x00000000080015b8                PVD_PVM_IRQHandler
                0x00000000080015b8                SPI2_IRQHandler
                0x00000000080015b8                DMA2_Channel5_IRQHandler
                0x00000000080015b8                CRS_IRQHandler
                0x00000000080015b8                DMA1_Channel5_IRQHandler
                0x00000000080015b8                USB_LP_IRQHandler
                0x00000000080015b8                EXTI4_IRQHandler
                0x00000000080015b8                RNG_IRQHandler
                0x00000000080015b8                TIM1_TRG_COM_TIM17_IRQHandler
                0x00000000080015b8                DMA1_Channel3_IRQHandler
                0x00000000080015b8                WWDG_IRQHandler
                0x00000000080015b8                LPUART1_IRQHandler
                0x00000000080015b8                DMA2_Channel6_IRQHandler
                0x00000000080015b8                FDCAN1_IT0_IRQHandler
                0x00000000080015b8                TIM2_IRQHandler
                0x00000000080015b8                COMP1_2_3_IRQHandler
                0x00000000080015b8                EXTI1_IRQHandler
                0x00000000080015b8                AES_IRQHandler
                0x00000000080015b8                USART2_IRQHandler
                0x00000000080015b8                I2C2_ER_IRQHandler
                0x00000000080015b8                DMA1_Channel2_IRQHandler
                0x00000000080015b8                TIM8_BRK_IRQHandler
                0x00000000080015b8                FLASH_IRQHandler
                0x00000000080015b8                USART1_IRQHandler
                0x00000000080015b8                SPI3_IRQHandler
                0x00000000080015b8                I2C1_ER_IRQHandler
                0x00000000080015b8                LPTIM1_IRQHandler
                0x00000000080015b8                DMAMUX_OVR_IRQHandler
                0x00000000080015b8                USBWakeUp_IRQHandler
                0x00000000080015b8                SAI1_IRQHandler
                0x00000000080015b8                DMA2_Channel3_IRQHandler
                0x00000000080015b8                COMP4_IRQHandler
                0x00000000080015b8                TIM1_BRK_TIM15_IRQHandler
 .text.HAL_Init
                0x00000000080015ba       0x30 Drivers/STM32G4xx_HAL_Driver/Src/stm32g4xx_hal.o
                0x00000000080015ba                HAL_Init
 *fill*         0x00000000080015ea        0x2 
 .text.HAL_InitTick
                0x00000000080015ec       0x74 Drivers/STM32G4xx_HAL_Driver/Src/stm32g4xx_hal.o
                0x00000000080015ec                HAL_InitTick
 .text.HAL_IncTick
                0x0000000008001660       0x24 Drivers/STM32G4xx_HAL_Driver/Src/stm32g4xx_hal.o
                0x0000000008001660                HAL_IncTick
 .text.HAL_GetTick
                0x0000000008001684       0x18 Drivers/STM32G4xx_HAL_Driver/Src/stm32g4xx_hal.o
                0x0000000008001684                HAL_GetTick
 .text.LL_ADC_SetCommonClock
                0x000000000800169c       0x26 Drivers/STM32G4xx_HAL_Driver/Src/stm32g4xx_hal_adc.o
 .text.LL_ADC_SetCommonPathInternalCh
                0x00000000080016c2       0x26 Drivers/STM32G4xx_HAL_Driver/Src/stm32g4xx_hal_adc.o
 .text.LL_ADC_GetCommonPathInternalCh
                0x00000000080016e8       0x1c Drivers/STM32G4xx_HAL_Driver/Src/stm32g4xx_hal_adc.o
 .text.LL_ADC_SetOffset
                0x0000000008001704       0x48 Drivers/STM32G4xx_HAL_Driver/Src/stm32g4xx_hal_adc.o
 .text.LL_ADC_GetOffsetChannel
                0x000000000800174c       0x2c Drivers/STM32G4xx_HAL_Driver/Src/stm32g4xx_hal_adc.o
 .text.LL_ADC_SetOffsetState
                0x0000000008001778       0x36 Drivers/STM32G4xx_HAL_Driver/Src/stm32g4xx_hal_adc.o
 .text.LL_ADC_SetOffsetSign
                0x00000000080017ae       0x36 Drivers/STM32G4xx_HAL_Driver/Src/stm32g4xx_hal_adc.o
 .text.LL_ADC_SetOffsetSaturation
                0x00000000080017e4       0x36 Drivers/STM32G4xx_HAL_Driver/Src/stm32g4xx_hal_adc.o
 .text.LL_ADC_SetSamplingTimeCommonConfig
                0x000000000800181a       0x26 Drivers/STM32G4xx_HAL_Driver/Src/stm32g4xx_hal_adc.o
 .text.LL_ADC_REG_IsTriggerSourceSWStart
                0x0000000008001840       0x26 Drivers/STM32G4xx_HAL_Driver/Src/stm32g4xx_hal_adc.o
 .text.LL_ADC_REG_SetSequencerRanks
                0x0000000008001866       0x58 Drivers/STM32G4xx_HAL_Driver/Src/stm32g4xx_hal_adc.o
 .text.LL_ADC_INJ_IsTriggerSourceSWStart
                0x00000000080018be       0x26 Drivers/STM32G4xx_HAL_Driver/Src/stm32g4xx_hal_adc.o
 .text.LL_ADC_SetChannelSamplingTime
                0x00000000080018e4       0x56 Drivers/STM32G4xx_HAL_Driver/Src/stm32g4xx_hal_adc.o
 *fill*         0x000000000800193a        0x2 
 .text.LL_ADC_SetChannelSingleDiff
                0x000000000800193c       0x48 Drivers/STM32G4xx_HAL_Driver/Src/stm32g4xx_hal_adc.o
 .text.LL_ADC_GetMultimode
                0x0000000008001984       0x1c Drivers/STM32G4xx_HAL_Driver/Src/stm32g4xx_hal_adc.o
 .text.LL_ADC_GetMultiDMATransfer
                0x00000000080019a0       0x1c Drivers/STM32G4xx_HAL_Driver/Src/stm32g4xx_hal_adc.o
 .text.LL_ADC_DisableDeepPowerDown
                0x00000000080019bc       0x24 Drivers/STM32G4xx_HAL_Driver/Src/stm32g4xx_hal_adc.o
 .text.LL_ADC_IsDeepPowerDownEnabled
                0x00000000080019e0       0x28 Drivers/STM32G4xx_HAL_Driver/Src/stm32g4xx_hal_adc.o
 .text.LL_ADC_EnableInternalRegulator
                0x0000000008001a08       0x28 Drivers/STM32G4xx_HAL_Driver/Src/stm32g4xx_hal_adc.o
 .text.LL_ADC_IsInternalRegulatorEnabled
                0x0000000008001a30       0x28 Drivers/STM32G4xx_HAL_Driver/Src/stm32g4xx_hal_adc.o
 .text.LL_ADC_Enable
                0x0000000008001a58       0x28 Drivers/STM32G4xx_HAL_Driver/Src/stm32g4xx_hal_adc.o
 .text.LL_ADC_IsEnabled
                0x0000000008001a80       0x26 Drivers/STM32G4xx_HAL_Driver/Src/stm32g4xx_hal_adc.o
 .text.LL_ADC_REG_StartConversion
                0x0000000008001aa6       0x28 Drivers/STM32G4xx_HAL_Driver/Src/stm32g4xx_hal_adc.o
 .text.LL_ADC_REG_IsConversionOngoing
                0x0000000008001ace       0x26 Drivers/STM32G4xx_HAL_Driver/Src/stm32g4xx_hal_adc.o
 .text.LL_ADC_INJ_IsConversionOngoing
                0x0000000008001af4       0x26 Drivers/STM32G4xx_HAL_Driver/Src/stm32g4xx_hal_adc.o
 *fill*         0x0000000008001b1a        0x2 
 .text.HAL_ADC_Init
                0x0000000008001b1c      0x310 Drivers/STM32G4xx_HAL_Driver/Src/stm32g4xx_hal_adc.o
                0x0000000008001b1c                HAL_ADC_Init
 .text.HAL_ADC_Start_DMA
                0x0000000008001e2c      0x168 Drivers/STM32G4xx_HAL_Driver/Src/stm32g4xx_hal_adc.o
                0x0000000008001e2c                HAL_ADC_Start_DMA
 .text.HAL_ADC_IRQHandler
                0x0000000008001f94      0x434 Drivers/STM32G4xx_HAL_Driver/Src/stm32g4xx_hal_adc.o
                0x0000000008001f94                HAL_ADC_IRQHandler
 .text.HAL_ADC_ConvCpltCallback
                0x00000000080023c8       0x14 Drivers/STM32G4xx_HAL_Driver/Src/stm32g4xx_hal_adc.o
                0x00000000080023c8                HAL_ADC_ConvCpltCallback
 .text.HAL_ADC_ConvHalfCpltCallback
                0x00000000080023dc       0x14 Drivers/STM32G4xx_HAL_Driver/Src/stm32g4xx_hal_adc.o
                0x00000000080023dc                HAL_ADC_ConvHalfCpltCallback
 .text.HAL_ADC_LevelOutOfWindowCallback
                0x00000000080023f0       0x14 Drivers/STM32G4xx_HAL_Driver/Src/stm32g4xx_hal_adc.o
                0x00000000080023f0                HAL_ADC_LevelOutOfWindowCallback
 .text.HAL_ADC_ErrorCallback
                0x0000000008002404       0x14 Drivers/STM32G4xx_HAL_Driver/Src/stm32g4xx_hal_adc.o
                0x0000000008002404                HAL_ADC_ErrorCallback
 .text.HAL_ADC_ConfigChannel
                0x0000000008002418      0x7e0 Drivers/STM32G4xx_HAL_Driver/Src/stm32g4xx_hal_adc.o
                0x0000000008002418                HAL_ADC_ConfigChannel
 .text.ADC_Enable
                0x0000000008002bf8       0xb4 Drivers/STM32G4xx_HAL_Driver/Src/stm32g4xx_hal_adc.o
                0x0000000008002bf8                ADC_Enable
 .text.ADC_DMAConvCplt
                0x0000000008002cac       0xd8 Drivers/STM32G4xx_HAL_Driver/Src/stm32g4xx_hal_adc.o
                0x0000000008002cac                ADC_DMAConvCplt
 .text.ADC_DMAHalfConvCplt
                0x0000000008002d84       0x1c Drivers/STM32G4xx_HAL_Driver/Src/stm32g4xx_hal_adc.o
                0x0000000008002d84                ADC_DMAHalfConvCplt
 .text.ADC_DMAError
                0x0000000008002da0       0x34 Drivers/STM32G4xx_HAL_Driver/Src/stm32g4xx_hal_adc.o
                0x0000000008002da0                ADC_DMAError
 .text.LL_ADC_IsEnabled
                0x0000000008002dd4       0x26 Drivers/STM32G4xx_HAL_Driver/Src/stm32g4xx_hal_adc_ex.o
 .text.LL_ADC_REG_IsConversionOngoing
                0x0000000008002dfa       0x26 Drivers/STM32G4xx_HAL_Driver/Src/stm32g4xx_hal_adc_ex.o
 .text.HAL_ADCEx_InjectedConvCpltCallback
                0x0000000008002e20       0x14 Drivers/STM32G4xx_HAL_Driver/Src/stm32g4xx_hal_adc_ex.o
                0x0000000008002e20                HAL_ADCEx_InjectedConvCpltCallback
 .text.HAL_ADCEx_InjectedQueueOverflowCallback
                0x0000000008002e34       0x14 Drivers/STM32G4xx_HAL_Driver/Src/stm32g4xx_hal_adc_ex.o
                0x0000000008002e34                HAL_ADCEx_InjectedQueueOverflowCallback
 .text.HAL_ADCEx_LevelOutOfWindow2Callback
                0x0000000008002e48       0x14 Drivers/STM32G4xx_HAL_Driver/Src/stm32g4xx_hal_adc_ex.o
                0x0000000008002e48                HAL_ADCEx_LevelOutOfWindow2Callback
 .text.HAL_ADCEx_LevelOutOfWindow3Callback
                0x0000000008002e5c       0x14 Drivers/STM32G4xx_HAL_Driver/Src/stm32g4xx_hal_adc_ex.o
                0x0000000008002e5c                HAL_ADCEx_LevelOutOfWindow3Callback
 .text.HAL_ADCEx_EndOfSamplingCallback
                0x0000000008002e70       0x14 Drivers/STM32G4xx_HAL_Driver/Src/stm32g4xx_hal_adc_ex.o
                0x0000000008002e70                HAL_ADCEx_EndOfSamplingCallback
 .text.HAL_ADCEx_MultiModeConfigChannel
                0x0000000008002e84      0x140 Drivers/STM32G4xx_HAL_Driver/Src/stm32g4xx_hal_adc_ex.o
                0x0000000008002e84                HAL_ADCEx_MultiModeConfigChannel
 .text.__NVIC_SetPriorityGrouping
                0x0000000008002fc4       0x48 Drivers/STM32G4xx_HAL_Driver/Src/stm32g4xx_hal_cortex.o
 .text.__NVIC_GetPriorityGrouping
                0x000000000800300c       0x1c Drivers/STM32G4xx_HAL_Driver/Src/stm32g4xx_hal_cortex.o
 .text.__NVIC_EnableIRQ
                0x0000000008003028       0x3c Drivers/STM32G4xx_HAL_Driver/Src/stm32g4xx_hal_cortex.o
 .text.__NVIC_SetPriority
                0x0000000008003064       0x54 Drivers/STM32G4xx_HAL_Driver/Src/stm32g4xx_hal_cortex.o
 .text.NVIC_EncodePriority
                0x00000000080030b8       0x66 Drivers/STM32G4xx_HAL_Driver/Src/stm32g4xx_hal_cortex.o
 *fill*         0x000000000800311e        0x2 
 .text.SysTick_Config
                0x0000000008003120       0x44 Drivers/STM32G4xx_HAL_Driver/Src/stm32g4xx_hal_cortex.o
 .text.HAL_NVIC_SetPriorityGrouping
                0x0000000008003164       0x16 Drivers/STM32G4xx_HAL_Driver/Src/stm32g4xx_hal_cortex.o
                0x0000000008003164                HAL_NVIC_SetPriorityGrouping
 .text.HAL_NVIC_SetPriority
                0x000000000800317a       0x34 Drivers/STM32G4xx_HAL_Driver/Src/stm32g4xx_hal_cortex.o
                0x000000000800317a                HAL_NVIC_SetPriority
 .text.HAL_NVIC_EnableIRQ
                0x00000000080031ae       0x1c Drivers/STM32G4xx_HAL_Driver/Src/stm32g4xx_hal_cortex.o
                0x00000000080031ae                HAL_NVIC_EnableIRQ
 .text.HAL_SYSTICK_Config
                0x00000000080031ca       0x18 Drivers/STM32G4xx_HAL_Driver/Src/stm32g4xx_hal_cortex.o
                0x00000000080031ca                HAL_SYSTICK_Config
 *fill*         0x00000000080031e2        0x2 
 .text.HAL_DMA_Init
                0x00000000080031e4      0x150 Drivers/STM32G4xx_HAL_Driver/Src/stm32g4xx_hal_dma.o
                0x00000000080031e4                HAL_DMA_Init
 .text.HAL_DMA_Start_IT
                0x0000000008003334       0xf6 Drivers/STM32G4xx_HAL_Driver/Src/stm32g4xx_hal_dma.o
                0x0000000008003334                HAL_DMA_Start_IT
 .text.HAL_DMA_IRQHandler
                0x000000000800342a      0x15e Drivers/STM32G4xx_HAL_Driver/Src/stm32g4xx_hal_dma.o
                0x000000000800342a                HAL_DMA_IRQHandler
 .text.DMA_SetConfig
                0x0000000008003588       0x7c Drivers/STM32G4xx_HAL_Driver/Src/stm32g4xx_hal_dma.o
 .text.DMA_CalcDMAMUXChannelBaseAndMask
                0x0000000008003604       0x7c Drivers/STM32G4xx_HAL_Driver/Src/stm32g4xx_hal_dma.o
 .text.DMA_CalcDMAMUXRequestGenBaseAndMask
                0x0000000008003680       0x48 Drivers/STM32G4xx_HAL_Driver/Src/stm32g4xx_hal_dma.o
 .text.HAL_FDCAN_Init
                0x00000000080036c8      0x2b4 Drivers/STM32G4xx_HAL_Driver/Src/stm32g4xx_hal_fdcan.o
                0x00000000080036c8                HAL_FDCAN_Init
 .text.HAL_FDCAN_AddMessageToTxFifoQ
                0x000000000800397c       0x88 Drivers/STM32G4xx_HAL_Driver/Src/stm32g4xx_hal_fdcan.o
                0x000000000800397c                HAL_FDCAN_AddMessageToTxFifoQ
 .text.FDCAN_CalcultateRamBlockAddresses
                0x0000000008003a04       0xac Drivers/STM32G4xx_HAL_Driver/Src/stm32g4xx_hal_fdcan.o
 .text.FDCAN_CopyMessageToRAM
                0x0000000008003ab0       0xf8 Drivers/STM32G4xx_HAL_Driver/Src/stm32g4xx_hal_fdcan.o
 .text.HAL_GPIO_Init
                0x0000000008003ba8      0x304 Drivers/STM32G4xx_HAL_Driver/Src/stm32g4xx_hal_gpio.o
                0x0000000008003ba8                HAL_GPIO_Init
 .text.HAL_GPIO_WritePin
                0x0000000008003eac       0x30 Drivers/STM32G4xx_HAL_Driver/Src/stm32g4xx_hal_gpio.o
                0x0000000008003eac                HAL_GPIO_WritePin
 .text.HAL_PWREx_ControlVoltageScaling
                0x0000000008003edc      0x148 Drivers/STM32G4xx_HAL_Driver/Src/stm32g4xx_hal_pwr_ex.o
                0x0000000008003edc                HAL_PWREx_ControlVoltageScaling
 .text.HAL_PWREx_DisableUCPDDeadBattery
                0x0000000008004024       0x20 Drivers/STM32G4xx_HAL_Driver/Src/stm32g4xx_hal_pwr_ex.o
                0x0000000008004024                HAL_PWREx_DisableUCPDDeadBattery
 .text.HAL_RCC_OscConfig
                0x0000000008004044      0x630 Drivers/STM32G4xx_HAL_Driver/Src/stm32g4xx_hal_rcc.o
                0x0000000008004044                HAL_RCC_OscConfig
 .text.HAL_RCC_ClockConfig
                0x0000000008004674      0x278 Drivers/STM32G4xx_HAL_Driver/Src/stm32g4xx_hal_rcc.o
                0x0000000008004674                HAL_RCC_ClockConfig
 .text.HAL_RCC_GetSysClockFreq
                0x00000000080048ec       0xc4 Drivers/STM32G4xx_HAL_Driver/Src/stm32g4xx_hal_rcc.o
                0x00000000080048ec                HAL_RCC_GetSysClockFreq
 .text.RCC_GetSysClockFreqFromPLLSource
                0x00000000080049b0       0x8c Drivers/STM32G4xx_HAL_Driver/Src/stm32g4xx_hal_rcc.o
 .text.HAL_RCCEx_PeriphCLKConfig
                0x0000000008004a3c      0x3e0 Drivers/STM32G4xx_HAL_Driver/Src/stm32g4xx_hal_rcc_ex.o
                0x0000000008004a3c                HAL_RCCEx_PeriphCLKConfig
 .text.HAL_TIM_Base_Init
                0x0000000008004e1c       0xae Drivers/STM32G4xx_HAL_Driver/Src/stm32g4xx_hal_tim.o
                0x0000000008004e1c                HAL_TIM_Base_Init
 .text.HAL_TIM_IRQHandler
                0x0000000008004eca      0x2fe Drivers/STM32G4xx_HAL_Driver/Src/stm32g4xx_hal_tim.o
                0x0000000008004eca                HAL_TIM_IRQHandler
 .text.HAL_TIM_OC_DelayElapsedCallback
                0x00000000080051c8       0x14 Drivers/STM32G4xx_HAL_Driver/Src/stm32g4xx_hal_tim.o
                0x00000000080051c8                HAL_TIM_OC_DelayElapsedCallback
 .text.HAL_TIM_IC_CaptureCallback
                0x00000000080051dc       0x14 Drivers/STM32G4xx_HAL_Driver/Src/stm32g4xx_hal_tim.o
                0x00000000080051dc                HAL_TIM_IC_CaptureCallback
 .text.HAL_TIM_PWM_PulseFinishedCallback
                0x00000000080051f0       0x14 Drivers/STM32G4xx_HAL_Driver/Src/stm32g4xx_hal_tim.o
                0x00000000080051f0                HAL_TIM_PWM_PulseFinishedCallback
 .text.HAL_TIM_TriggerCallback
                0x0000000008005204       0x14 Drivers/STM32G4xx_HAL_Driver/Src/stm32g4xx_hal_tim.o
                0x0000000008005204                HAL_TIM_TriggerCallback
 .text.TIM_Base_SetConfig
                0x0000000008005218      0x120 Drivers/STM32G4xx_HAL_Driver/Src/stm32g4xx_hal_tim.o
                0x0000000008005218                TIM_Base_SetConfig
 .text.HAL_TIMEx_MasterConfigSynchronization
                0x0000000008005338      0x104 Drivers/STM32G4xx_HAL_Driver/Src/stm32g4xx_hal_tim_ex.o
                0x0000000008005338                HAL_TIMEx_MasterConfigSynchronization
 .text.HAL_TIMEx_CommutCallback
                0x000000000800543c       0x14 Drivers/STM32G4xx_HAL_Driver/Src/stm32g4xx_hal_tim_ex.o
                0x000000000800543c                HAL_TIMEx_CommutCallback
 .text.HAL_TIMEx_BreakCallback
                0x0000000008005450       0x14 Drivers/STM32G4xx_HAL_Driver/Src/stm32g4xx_hal_tim_ex.o
                0x0000000008005450                HAL_TIMEx_BreakCallback
 .text.HAL_TIMEx_Break2Callback
                0x0000000008005464       0x14 Drivers/STM32G4xx_HAL_Driver/Src/stm32g4xx_hal_tim_ex.o
                0x0000000008005464                HAL_TIMEx_Break2Callback
 .text.HAL_TIMEx_EncoderIndexCallback
                0x0000000008005478       0x14 Drivers/STM32G4xx_HAL_Driver/Src/stm32g4xx_hal_tim_ex.o
                0x0000000008005478                HAL_TIMEx_EncoderIndexCallback
 .text.HAL_TIMEx_DirectionChangeCallback
                0x000000000800548c       0x14 Drivers/STM32G4xx_HAL_Driver/Src/stm32g4xx_hal_tim_ex.o
                0x000000000800548c                HAL_TIMEx_DirectionChangeCallback
 .text.HAL_TIMEx_IndexErrorCallback
                0x00000000080054a0       0x14 Drivers/STM32G4xx_HAL_Driver/Src/stm32g4xx_hal_tim_ex.o
                0x00000000080054a0                HAL_TIMEx_IndexErrorCallback
 .text.HAL_TIMEx_TransitionErrorCallback
                0x00000000080054b4       0x14 Drivers/STM32G4xx_HAL_Driver/Src/stm32g4xx_hal_tim_ex.o
                0x00000000080054b4                HAL_TIMEx_TransitionErrorCallback
 .text.__libc_init_array
                0x00000000080054c8       0x48 c:/st/stm32cubeide_1.5.0/stm32cubeide/plugins/com.st.stm32cube.ide.mcu.externaltools.gnu-tools-for-stm32.7-2018-q2-update.win32_1.5.0.202011040924/tools/bin/../lib/gcc/arm-none-eabi/7.3.1/../../../../arm-none-eabi/lib/thumb/v7e-m/fpv4-sp/hard\libc_nano.a(lib_a-init.o)
                0x00000000080054c8                __libc_init_array
 .text.memset   0x0000000008005510       0x10 c:/st/stm32cubeide_1.5.0/stm32cubeide/plugins/com.st.stm32cube.ide.mcu.externaltools.gnu-tools-for-stm32.7-2018-q2-update.win32_1.5.0.202011040924/tools/bin/../lib/gcc/arm-none-eabi/7.3.1/../../../../arm-none-eabi/lib/thumb/v7e-m/fpv4-sp/hard\libc_nano.a(lib_a-memset.o)
                0x0000000008005510                memset
 *(.glue_7)
 .glue_7        0x0000000008005520        0x0 linker stubs
 *(.glue_7t)
 .glue_7t       0x0000000008005520        0x0 linker stubs
 *(.eh_frame)
 .eh_frame      0x0000000008005520        0x0 c:/st/stm32cubeide_1.5.0/stm32cubeide/plugins/com.st.stm32cube.ide.mcu.externaltools.gnu-tools-for-stm32.7-2018-q2-update.win32_1.5.0.202011040924/tools/bin/../lib/gcc/arm-none-eabi/7.3.1/thumb/v7e-m/fpv4-sp/hard/crtbegin.o
 *(.init)
 .init          0x0000000008005520        0x4 c:/st/stm32cubeide_1.5.0/stm32cubeide/plugins/com.st.stm32cube.ide.mcu.externaltools.gnu-tools-for-stm32.7-2018-q2-update.win32_1.5.0.202011040924/tools/bin/../lib/gcc/arm-none-eabi/7.3.1/thumb/v7e-m/fpv4-sp/hard/crti.o
                0x0000000008005520                _init
 .init          0x0000000008005524        0x8 c:/st/stm32cubeide_1.5.0/stm32cubeide/plugins/com.st.stm32cube.ide.mcu.externaltools.gnu-tools-for-stm32.7-2018-q2-update.win32_1.5.0.202011040924/tools/bin/../lib/gcc/arm-none-eabi/7.3.1/thumb/v7e-m/fpv4-sp/hard/crtn.o
 *(.fini)
 .fini          0x000000000800552c        0x4 c:/st/stm32cubeide_1.5.0/stm32cubeide/plugins/com.st.stm32cube.ide.mcu.externaltools.gnu-tools-for-stm32.7-2018-q2-update.win32_1.5.0.202011040924/tools/bin/../lib/gcc/arm-none-eabi/7.3.1/thumb/v7e-m/fpv4-sp/hard/crti.o
                0x000000000800552c                _fini
 .fini          0x0000000008005530        0x8 c:/st/stm32cubeide_1.5.0/stm32cubeide/plugins/com.st.stm32cube.ide.mcu.externaltools.gnu-tools-for-stm32.7-2018-q2-update.win32_1.5.0.202011040924/tools/bin/../lib/gcc/arm-none-eabi/7.3.1/thumb/v7e-m/fpv4-sp/hard/crtn.o
                0x0000000008005538                . = ALIGN (0x4)
                0x0000000008005538                _etext = .

.vfp11_veneer   0x0000000008005538        0x0
 .vfp11_veneer  0x0000000008005538        0x0 linker stubs

.v4_bx          0x0000000008005538        0x0
 .v4_bx         0x0000000008005538        0x0 linker stubs

.iplt           0x0000000008005538        0x0
 .iplt          0x0000000008005538        0x0 c:/st/stm32cubeide_1.5.0/stm32cubeide/plugins/com.st.stm32cube.ide.mcu.externaltools.gnu-tools-for-stm32.7-2018-q2-update.win32_1.5.0.202011040924/tools/bin/../lib/gcc/arm-none-eabi/7.3.1/thumb/v7e-m/fpv4-sp/hard/crtbegin.o

.rodata         0x0000000008005538       0x20
                0x0000000008005538                . = ALIGN (0x4)
 *(.rodata)
 *(.rodata*)
 .rodata.AHBPrescTable
                0x0000000008005538       0x10 Core/Src/system_stm32g4xx.o
                0x0000000008005538                AHBPrescTable
 .rodata.DLCtoBytes
                0x0000000008005548       0x10 Drivers/STM32G4xx_HAL_Driver/Src/stm32g4xx_hal_fdcan.o
                0x0000000008005558                . = ALIGN (0x4)

.rel.dyn        0x0000000008005558        0x0
 .rel.iplt      0x0000000008005558        0x0 c:/st/stm32cubeide_1.5.0/stm32cubeide/plugins/com.st.stm32cube.ide.mcu.externaltools.gnu-tools-for-stm32.7-2018-q2-update.win32_1.5.0.202011040924/tools/bin/../lib/gcc/arm-none-eabi/7.3.1/thumb/v7e-m/fpv4-sp/hard/crtbegin.o

.ARM.extab      0x0000000008005558        0x0
                0x0000000008005558                . = ALIGN (0x4)
 *(.ARM.extab* .gnu.linkonce.armextab.*)
                0x0000000008005558                . = ALIGN (0x4)

.ARM            0x0000000008005558        0x0
                0x0000000008005558                . = ALIGN (0x4)
                0x0000000008005558                __exidx_start = .
 *(.ARM.exidx*)
                0x0000000008005558                __exidx_end = .
                0x0000000008005558                . = ALIGN (0x4)

.preinit_array  0x0000000008005558        0x0
                0x0000000008005558                . = ALIGN (0x4)
                0x0000000008005558                PROVIDE (__preinit_array_start = .)
 *(.preinit_array*)
                0x0000000008005558                PROVIDE (__preinit_array_end = .)
                0x0000000008005558                . = ALIGN (0x4)

.init_array     0x0000000008005558        0x4
                0x0000000008005558                . = ALIGN (0x4)
                0x0000000008005558                PROVIDE (__init_array_start = .)
 *(SORT_BY_NAME(.init_array.*))
 *(.init_array*)
 .init_array    0x0000000008005558        0x4 c:/st/stm32cubeide_1.5.0/stm32cubeide/plugins/com.st.stm32cube.ide.mcu.externaltools.gnu-tools-for-stm32.7-2018-q2-update.win32_1.5.0.202011040924/tools/bin/../lib/gcc/arm-none-eabi/7.3.1/thumb/v7e-m/fpv4-sp/hard/crtbegin.o
                0x000000000800555c                PROVIDE (__init_array_end = .)
                0x000000000800555c                . = ALIGN (0x4)

.fini_array     0x000000000800555c        0x4
                0x000000000800555c                . = ALIGN (0x4)
                [!provide]                        PROVIDE (__fini_array_start = .)
 *(SORT_BY_NAME(.fini_array.*))
 *(.fini_array*)
 .fini_array    0x000000000800555c        0x4 c:/st/stm32cubeide_1.5.0/stm32cubeide/plugins/com.st.stm32cube.ide.mcu.externaltools.gnu-tools-for-stm32.7-2018-q2-update.win32_1.5.0.202011040924/tools/bin/../lib/gcc/arm-none-eabi/7.3.1/thumb/v7e-m/fpv4-sp/hard/crtbegin.o
                [!provide]                        PROVIDE (__fini_array_end = .)
                0x0000000008005560                . = ALIGN (0x4)
                0x0000000008005560                _sidata = LOADADDR (.data)

.data           0x0000000020000000       0x10 load address 0x0000000008005560
                0x0000000020000000                . = ALIGN (0x4)
                0x0000000020000000                _sdata = .
 *(.data)
 *(.data*)
 .data.TxData   0x0000000020000000        0x2 Core/Src/main.o
                0x0000000020000000                TxData
 *fill*         0x0000000020000002        0x2 
 .data.SystemCoreClock
                0x0000000020000004        0x4 Core/Src/system_stm32g4xx.o
                0x0000000020000004                SystemCoreClock
 .data.uwTickPrio
                0x0000000020000008        0x4 Drivers/STM32G4xx_HAL_Driver/Src/stm32g4xx_hal.o
                0x0000000020000008                uwTickPrio
 .data.uwTickFreq
                0x000000002000000c        0x4 Drivers/STM32G4xx_HAL_Driver/Src/stm32g4xx_hal.o
                0x000000002000000c                uwTickFreq
 *(.RamFunc)
 *(.RamFunc*)
                0x0000000020000010                . = ALIGN (0x4)
                0x0000000020000010                _edata = .

.igot.plt       0x0000000020000010        0x0 load address 0x0000000008005570
 .igot.plt      0x0000000020000010        0x0 c:/st/stm32cubeide_1.5.0/stm32cubeide/plugins/com.st.stm32cube.ide.mcu.externaltools.gnu-tools-for-stm32.7-2018-q2-update.win32_1.5.0.202011040924/tools/bin/../lib/gcc/arm-none-eabi/7.3.1/thumb/v7e-m/fpv4-sp/hard/crtbegin.o
                0x0000000020000010                . = ALIGN (0x4)

.bss            0x0000000020000010      0x2f0 load address 0x0000000008005570
                0x0000000020000010                _sbss = .
                0x0000000020000010                __bss_start__ = _sbss
 *(.bss)
 .bss           0x0000000020000010       0x1c c:/st/stm32cubeide_1.5.0/stm32cubeide/plugins/com.st.stm32cube.ide.mcu.externaltools.gnu-tools-for-stm32.7-2018-q2-update.win32_1.5.0.202011040924/tools/bin/../lib/gcc/arm-none-eabi/7.3.1/thumb/v7e-m/fpv4-sp/hard/crtbegin.o
 *(.bss*)
 .bss.measurements
                0x000000002000002c        0xc Core/Src/main.o
                0x000000002000002c                measurements
 .bss.temp_sens
                0x0000000020000038      0x120 Core/Src/main.o
                0x0000000020000038                temp_sens
 .bss.MuxState  0x0000000020000158        0x4 Core/Src/main.o
                0x0000000020000158                MuxState
 *(COMMON)
 COMMON         0x000000002000015c      0x1a0 Core/Src/main.o
                0x000000002000015c                hadc1
                0x00000000200001c8                hdma_adc1
                0x0000000020000228                hfdcan1
                0x000000002000028c                TxHeader
                0x00000000200002b0                htim7
 COMMON         0x00000000200002fc        0x4 Drivers/STM32G4xx_HAL_Driver/Src/stm32g4xx_hal.o
                0x00000000200002fc                uwTick
                0x0000000020000300                . = ALIGN (0x4)
                0x0000000020000300                _ebss = .
                0x0000000020000300                __bss_end__ = _ebss

._user_heap_stack
                0x0000000020000300      0x600 load address 0x0000000008005570
                0x0000000020000300                . = ALIGN (0x8)
                [!provide]                        PROVIDE (end = .)
                0x0000000020000300                PROVIDE (_end = .)
                0x0000000020000500                . = (. + _Min_Heap_Size)
 *fill*         0x0000000020000300      0x200 
                0x0000000020000900                . = (. + _Min_Stack_Size)
 *fill*         0x0000000020000500      0x400 
                0x0000000020000900                . = ALIGN (0x8)

/DISCARD/
 libc.a(*)
 libm.a(*)
 libgcc.a(*)

.ARM.attributes
                0x0000000000000000       0x30
 *(.ARM.attributes)
 .ARM.attributes
                0x0000000000000000       0x22 c:/st/stm32cubeide_1.5.0/stm32cubeide/plugins/com.st.stm32cube.ide.mcu.externaltools.gnu-tools-for-stm32.7-2018-q2-update.win32_1.5.0.202011040924/tools/bin/../lib/gcc/arm-none-eabi/7.3.1/thumb/v7e-m/fpv4-sp/hard/crti.o
 .ARM.attributes
                0x0000000000000022       0x34 c:/st/stm32cubeide_1.5.0/stm32cubeide/plugins/com.st.stm32cube.ide.mcu.externaltools.gnu-tools-for-stm32.7-2018-q2-update.win32_1.5.0.202011040924/tools/bin/../lib/gcc/arm-none-eabi/7.3.1/thumb/v7e-m/fpv4-sp/hard/crtbegin.o
 .ARM.attributes
                0x0000000000000056       0x39 Core/Src/main.o
 .ARM.attributes
                0x000000000000008f       0x39 Core/Src/stm32g4xx_hal_msp.o
 .ARM.attributes
                0x00000000000000c8       0x39 Core/Src/stm32g4xx_it.o
 .ARM.attributes
                0x0000000000000101       0x39 Core/Src/system_stm32g4xx.o
 .ARM.attributes
                0x000000000000013a       0x21 Core/Startup/startup_stm32g441cbtx.o
 .ARM.attributes
                0x000000000000015b       0x39 Drivers/STM32G4xx_HAL_Driver/Src/stm32g4xx_hal.o
 .ARM.attributes
                0x0000000000000194       0x39 Drivers/STM32G4xx_HAL_Driver/Src/stm32g4xx_hal_adc.o
 .ARM.attributes
                0x00000000000001cd       0x39 Drivers/STM32G4xx_HAL_Driver/Src/stm32g4xx_hal_adc_ex.o
 .ARM.attributes
                0x0000000000000206       0x39 Drivers/STM32G4xx_HAL_Driver/Src/stm32g4xx_hal_cortex.o
 .ARM.attributes
                0x000000000000023f       0x39 Drivers/STM32G4xx_HAL_Driver/Src/stm32g4xx_hal_dma.o
 .ARM.attributes
                0x0000000000000278       0x39 Drivers/STM32G4xx_HAL_Driver/Src/stm32g4xx_hal_fdcan.o
 .ARM.attributes
                0x00000000000002b1       0x39 Drivers/STM32G4xx_HAL_Driver/Src/stm32g4xx_hal_gpio.o
 .ARM.attributes
                0x00000000000002ea       0x39 Drivers/STM32G4xx_HAL_Driver/Src/stm32g4xx_hal_pwr_ex.o
 .ARM.attributes
                0x0000000000000323       0x39 Drivers/STM32G4xx_HAL_Driver/Src/stm32g4xx_hal_rcc.o
 .ARM.attributes
                0x000000000000035c       0x39 Drivers/STM32G4xx_HAL_Driver/Src/stm32g4xx_hal_rcc_ex.o
 .ARM.attributes
                0x0000000000000395       0x39 Drivers/STM32G4xx_HAL_Driver/Src/stm32g4xx_hal_tim.o
 .ARM.attributes
                0x00000000000003ce       0x39 Drivers/STM32G4xx_HAL_Driver/Src/stm32g4xx_hal_tim_ex.o
 .ARM.attributes
                0x0000000000000407       0x34 c:/st/stm32cubeide_1.5.0/stm32cubeide/plugins/com.st.stm32cube.ide.mcu.externaltools.gnu-tools-for-stm32.7-2018-q2-update.win32_1.5.0.202011040924/tools/bin/../lib/gcc/arm-none-eabi/7.3.1/../../../../arm-none-eabi/lib/thumb/v7e-m/fpv4-sp/hard\libc_nano.a(lib_a-init.o)
 .ARM.attributes
                0x000000000000043b       0x34 c:/st/stm32cubeide_1.5.0/stm32cubeide/plugins/com.st.stm32cube.ide.mcu.externaltools.gnu-tools-for-stm32.7-2018-q2-update.win32_1.5.0.202011040924/tools/bin/../lib/gcc/arm-none-eabi/7.3.1/../../../../arm-none-eabi/lib/thumb/v7e-m/fpv4-sp/hard\libc_nano.a(lib_a-memset.o)
 .ARM.attributes
                0x000000000000046f       0x22 c:/st/stm32cubeide_1.5.0/stm32cubeide/plugins/com.st.stm32cube.ide.mcu.externaltools.gnu-tools-for-stm32.7-2018-q2-update.win32_1.5.0.202011040924/tools/bin/../lib/gcc/arm-none-eabi/7.3.1/thumb/v7e-m/fpv4-sp/hard\libgcc.a(_arm_addsubdf3.o)
 .ARM.attributes
                0x0000000000000491       0x22 c:/st/stm32cubeide_1.5.0/stm32cubeide/plugins/com.st.stm32cube.ide.mcu.externaltools.gnu-tools-for-stm32.7-2018-q2-update.win32_1.5.0.202011040924/tools/bin/../lib/gcc/arm-none-eabi/7.3.1/thumb/v7e-m/fpv4-sp/hard\libgcc.a(_arm_muldivdf3.o)
 .ARM.attributes
                0x00000000000004b3       0x22 c:/st/stm32cubeide_1.5.0/stm32cubeide/plugins/com.st.stm32cube.ide.mcu.externaltools.gnu-tools-for-stm32.7-2018-q2-update.win32_1.5.0.202011040924/tools/bin/../lib/gcc/arm-none-eabi/7.3.1/thumb/v7e-m/fpv4-sp/hard\libgcc.a(_arm_truncdfsf2.o)
 .ARM.attributes
                0x00000000000004d5       0x22 c:/st/stm32cubeide_1.5.0/stm32cubeide/plugins/com.st.stm32cube.ide.mcu.externaltools.gnu-tools-for-stm32.7-2018-q2-update.win32_1.5.0.202011040924/tools/bin/../lib/gcc/arm-none-eabi/7.3.1/thumb/v7e-m/fpv4-sp/hard/crtn.o
OUTPUT(BMS_2021.elf elf32-littlearm)

.debug_info     0x0000000000000000    0x13d38
 .debug_info    0x0000000000000000     0x1d21 Core/Src/main.o
 .debug_info    0x0000000000001d21     0x1865 Core/Src/stm32g4xx_hal_msp.o
 .debug_info    0x0000000000003586      0xe01 Core/Src/stm32g4xx_it.o
 .debug_info    0x0000000000004387      0x6af Core/Src/system_stm32g4xx.o
 .debug_info    0x0000000000004a36       0x22 Core/Startup/startup_stm32g441cbtx.o
 .debug_info    0x0000000000004a58      0xbb0 Drivers/STM32G4xx_HAL_Driver/Src/stm32g4xx_hal.o
 .debug_info    0x0000000000005608     0x20e7 Drivers/STM32G4xx_HAL_Driver/Src/stm32g4xx_hal_adc.o
 .debug_info    0x00000000000076ef     0x1df8 Drivers/STM32G4xx_HAL_Driver/Src/stm32g4xx_hal_adc_ex.o
 .debug_info    0x00000000000094e7      0xec1 Drivers/STM32G4xx_HAL_Driver/Src/stm32g4xx_hal_cortex.o
 .debug_info    0x000000000000a3a8      0xa07 Drivers/STM32G4xx_HAL_Driver/Src/stm32g4xx_hal_dma.o
 .debug_info    0x000000000000adaf     0x1958 Drivers/STM32G4xx_HAL_Driver/Src/stm32g4xx_hal_fdcan.o
 .debug_info    0x000000000000c707      0x978 Drivers/STM32G4xx_HAL_Driver/Src/stm32g4xx_hal_gpio.o
 .debug_info    0x000000000000d07f      0xa9c Drivers/STM32G4xx_HAL_Driver/Src/stm32g4xx_hal_pwr_ex.o
 .debug_info    0x000000000000db1b      0xca5 Drivers/STM32G4xx_HAL_Driver/Src/stm32g4xx_hal_rcc.o
 .debug_info    0x000000000000e7c0      0xd92 Drivers/STM32G4xx_HAL_Driver/Src/stm32g4xx_hal_rcc_ex.o
 .debug_info    0x000000000000f552     0x2b3d Drivers/STM32G4xx_HAL_Driver/Src/stm32g4xx_hal_tim.o
 .debug_info    0x000000000001208f     0x1ca9 Drivers/STM32G4xx_HAL_Driver/Src/stm32g4xx_hal_tim_ex.o

.debug_abbrev   0x0000000000000000     0x21c9
 .debug_abbrev  0x0000000000000000      0x2b4 Core/Src/main.o
 .debug_abbrev  0x00000000000002b4      0x209 Core/Src/stm32g4xx_hal_msp.o
 .debug_abbrev  0x00000000000004bd      0x194 Core/Src/stm32g4xx_it.o
 .debug_abbrev  0x0000000000000651      0x147 Core/Src/system_stm32g4xx.o
 .debug_abbrev  0x0000000000000798       0x12 Core/Startup/startup_stm32g441cbtx.o
 .debug_abbrev  0x00000000000007aa      0x1fb Drivers/STM32G4xx_HAL_Driver/Src/stm32g4xx_hal.o
 .debug_abbrev  0x00000000000009a5      0x25d Drivers/STM32G4xx_HAL_Driver/Src/stm32g4xx_hal_adc.o
 .debug_abbrev  0x0000000000000c02      0x27d Drivers/STM32G4xx_HAL_Driver/Src/stm32g4xx_hal_adc_ex.o
 .debug_abbrev  0x0000000000000e7f      0x2f1 Drivers/STM32G4xx_HAL_Driver/Src/stm32g4xx_hal_cortex.o
 .debug_abbrev  0x0000000000001170      0x1d9 Drivers/STM32G4xx_HAL_Driver/Src/stm32g4xx_hal_dma.o
 .debug_abbrev  0x0000000000001349      0x1be Drivers/STM32G4xx_HAL_Driver/Src/stm32g4xx_hal_fdcan.o
 .debug_abbrev  0x0000000000001507      0x1c0 Drivers/STM32G4xx_HAL_Driver/Src/stm32g4xx_hal_gpio.o
 .debug_abbrev  0x00000000000016c7      0x1fd Drivers/STM32G4xx_HAL_Driver/Src/stm32g4xx_hal_pwr_ex.o
 .debug_abbrev  0x00000000000018c4      0x245 Drivers/STM32G4xx_HAL_Driver/Src/stm32g4xx_hal_rcc.o
 .debug_abbrev  0x0000000000001b09      0x204 Drivers/STM32G4xx_HAL_Driver/Src/stm32g4xx_hal_rcc_ex.o
 .debug_abbrev  0x0000000000001d0d      0x25b Drivers/STM32G4xx_HAL_Driver/Src/stm32g4xx_hal_tim.o
 .debug_abbrev  0x0000000000001f68      0x261 Drivers/STM32G4xx_HAL_Driver/Src/stm32g4xx_hal_tim_ex.o

.debug_aranges  0x0000000000000000     0x1370
 .debug_aranges
                0x0000000000000000       0x70 Core/Src/main.o
 .debug_aranges
                0x0000000000000070       0x50 Core/Src/stm32g4xx_hal_msp.o
 .debug_aranges
                0x00000000000000c0       0x78 Core/Src/stm32g4xx_it.o
 .debug_aranges
                0x0000000000000138       0x28 Core/Src/system_stm32g4xx.o
 .debug_aranges
                0x0000000000000160       0x28 Core/Startup/startup_stm32g441cbtx.o
 .debug_aranges
                0x0000000000000188      0x130 Drivers/STM32G4xx_HAL_Driver/Src/stm32g4xx_hal.o
 .debug_aranges
                0x00000000000002b8      0x248 Drivers/STM32G4xx_HAL_Driver/Src/stm32g4xx_hal_adc.o
 .debug_aranges
                0x0000000000000500      0x1c0 Drivers/STM32G4xx_HAL_Driver/Src/stm32g4xx_hal_adc_ex.o
 .debug_aranges
                0x00000000000006c0      0x118 Drivers/STM32G4xx_HAL_Driver/Src/stm32g4xx_hal_cortex.o
 .debug_aranges
                0x00000000000007d8       0x90 Drivers/STM32G4xx_HAL_Driver/Src/stm32g4xx_hal_dma.o
 .debug_aranges
                0x0000000000000868      0x208 Drivers/STM32G4xx_HAL_Driver/Src/stm32g4xx_hal_fdcan.o
 .debug_aranges
                0x0000000000000a70       0x58 Drivers/STM32G4xx_HAL_Driver/Src/stm32g4xx_hal_gpio.o
 .debug_aranges
                0x0000000000000ac8      0x140 Drivers/STM32G4xx_HAL_Driver/Src/stm32g4xx_hal_pwr_ex.o
 .debug_aranges
                0x0000000000000c08       0x98 Drivers/STM32G4xx_HAL_Driver/Src/stm32g4xx_hal_rcc.o
 .debug_aranges
                0x0000000000000ca0       0xb0 Drivers/STM32G4xx_HAL_Driver/Src/stm32g4xx_hal_rcc_ex.o
 .debug_aranges
                0x0000000000000d50      0x3e0 Drivers/STM32G4xx_HAL_Driver/Src/stm32g4xx_hal_tim.o
 .debug_aranges
                0x0000000000001130      0x240 Drivers/STM32G4xx_HAL_Driver/Src/stm32g4xx_hal_tim_ex.o

.debug_ranges   0x0000000000000000     0x1268
 .debug_ranges  0x0000000000000000       0x60 Core/Src/main.o
 .debug_ranges  0x0000000000000060       0x40 Core/Src/stm32g4xx_hal_msp.o
 .debug_ranges  0x00000000000000a0       0x68 Core/Src/stm32g4xx_it.o
 .debug_ranges  0x0000000000000108       0x18 Core/Src/system_stm32g4xx.o
 .debug_ranges  0x0000000000000120       0x20 Core/Startup/startup_stm32g441cbtx.o
 .debug_ranges  0x0000000000000140      0x120 Drivers/STM32G4xx_HAL_Driver/Src/stm32g4xx_hal.o
 .debug_ranges  0x0000000000000260      0x238 Drivers/STM32G4xx_HAL_Driver/Src/stm32g4xx_hal_adc.o
 .debug_ranges  0x0000000000000498      0x1b0 Drivers/STM32G4xx_HAL_Driver/Src/stm32g4xx_hal_adc_ex.o
 .debug_ranges  0x0000000000000648      0x108 Drivers/STM32G4xx_HAL_Driver/Src/stm32g4xx_hal_cortex.o
 .debug_ranges  0x0000000000000750       0x80 Drivers/STM32G4xx_HAL_Driver/Src/stm32g4xx_hal_dma.o
 .debug_ranges  0x00000000000007d0      0x1f8 Drivers/STM32G4xx_HAL_Driver/Src/stm32g4xx_hal_fdcan.o
 .debug_ranges  0x00000000000009c8       0x48 Drivers/STM32G4xx_HAL_Driver/Src/stm32g4xx_hal_gpio.o
 .debug_ranges  0x0000000000000a10      0x130 Drivers/STM32G4xx_HAL_Driver/Src/stm32g4xx_hal_pwr_ex.o
 .debug_ranges  0x0000000000000b40       0x88 Drivers/STM32G4xx_HAL_Driver/Src/stm32g4xx_hal_rcc.o
 .debug_ranges  0x0000000000000bc8       0xa0 Drivers/STM32G4xx_HAL_Driver/Src/stm32g4xx_hal_rcc_ex.o
 .debug_ranges  0x0000000000000c68      0x3d0 Drivers/STM32G4xx_HAL_Driver/Src/stm32g4xx_hal_tim.o
 .debug_ranges  0x0000000000001038      0x230 Drivers/STM32G4xx_HAL_Driver/Src/stm32g4xx_hal_tim_ex.o

.debug_macro    0x0000000000000000    0x1f9ac
 .debug_macro   0x0000000000000000      0x1f6 Core/Src/main.o
 .debug_macro   0x00000000000001f6      0xa5a Core/Src/main.o
 .debug_macro   0x0000000000000c50      0x161 Core/Src/main.o
 .debug_macro   0x0000000000000db1       0x2e Core/Src/main.o
 .debug_macro   0x0000000000000ddf       0x28 Core/Src/main.o
 .debug_macro   0x0000000000000e07       0x22 Core/Src/main.o
 .debug_macro   0x0000000000000e29       0x8e Core/Src/main.o
 .debug_macro   0x0000000000000eb7       0x51 Core/Src/main.o
 .debug_macro   0x0000000000000f08       0xef Core/Src/main.o
 .debug_macro   0x0000000000000ff7       0x6a Core/Src/main.o
 .debug_macro   0x0000000000001061      0x1df Core/Src/main.o
 .debug_macro   0x0000000000001240       0x1c Core/Src/main.o
 .debug_macro   0x000000000000125c       0x22 Core/Src/main.o
 .debug_macro   0x000000000000127e      0x101 Core/Src/main.o
 .debug_macro   0x000000000000137f     0x1011 Core/Src/main.o
 .debug_macro   0x0000000000002390      0x11f Core/Src/main.o
 .debug_macro   0x00000000000024af    0x11771 Core/Src/main.o
 .debug_macro   0x0000000000013c20       0x43 Core/Src/main.o
 .debug_macro   0x0000000000013c63     0x34ed Core/Src/main.o
 .debug_macro   0x0000000000017150      0x174 Core/Src/main.o
 .debug_macro   0x00000000000172c4       0x5a Core/Src/main.o
 .debug_macro   0x000000000001731e     0x1424 Core/Src/main.o
 .debug_macro   0x0000000000018742      0x535 Core/Src/main.o
 .debug_macro   0x0000000000018c77      0x137 Core/Src/main.o
 .debug_macro   0x0000000000018dae      0x289 Core/Src/main.o
 .debug_macro   0x0000000000019037      0x41d Core/Src/main.o
 .debug_macro   0x0000000000019454      0x18b Core/Src/main.o
 .debug_macro   0x00000000000195df       0x43 Core/Src/main.o
 .debug_macro   0x0000000000019622      0x23d Core/Src/main.o
 .debug_macro   0x000000000001985f     0x10fd Core/Src/main.o
 .debug_macro   0x000000000001a95c      0x72e Core/Src/main.o
 .debug_macro   0x000000000001b08a      0x391 Core/Src/main.o
 .debug_macro   0x000000000001b41b      0x212 Core/Src/main.o
 .debug_macro   0x000000000001b62d      0x6af Core/Src/main.o
 .debug_macro   0x000000000001bcdc      0x401 Core/Src/main.o
 .debug_macro   0x000000000001c0dd      0x107 Core/Src/main.o
 .debug_macro   0x000000000001c1e4      0x122 Core/Src/main.o
 .debug_macro   0x000000000001c306      0x3d1 Core/Src/main.o
 .debug_macro   0x000000000001c6d7      0xbbe Core/Src/main.o
 .debug_macro   0x000000000001d295      0x47e Core/Src/main.o
 .debug_macro   0x000000000001d713      0x307 Core/Src/main.o
 .debug_macro   0x000000000001da1a       0x7c Core/Src/main.o
 .debug_macro   0x000000000001da96      0x1f6 Core/Src/stm32g4xx_hal_msp.o
 .debug_macro   0x000000000001dc8c      0x200 Core/Src/stm32g4xx_it.o
 .debug_macro   0x000000000001de8c      0x1ed Core/Src/system_stm32g4xx.o
 .debug_macro   0x000000000001e079      0x235 Drivers/STM32G4xx_HAL_Driver/Src/stm32g4xx_hal.o
 .debug_macro   0x000000000001e2ae      0x204 Drivers/STM32G4xx_HAL_Driver/Src/stm32g4xx_hal_adc.o
 .debug_macro   0x000000000001e4b2      0x1f3 Drivers/STM32G4xx_HAL_Driver/Src/stm32g4xx_hal_adc_ex.o
 .debug_macro   0x000000000001e6a5      0x1e7 Drivers/STM32G4xx_HAL_Driver/Src/stm32g4xx_hal_cortex.o
 .debug_macro   0x000000000001e88c      0x1e7 Drivers/STM32G4xx_HAL_Driver/Src/stm32g4xx_hal_dma.o
 .debug_macro   0x000000000001ea73      0x2f9 Drivers/STM32G4xx_HAL_Driver/Src/stm32g4xx_hal_fdcan.o
 .debug_macro   0x000000000001ed6c      0x21f Drivers/STM32G4xx_HAL_Driver/Src/stm32g4xx_hal_gpio.o
 .debug_macro   0x000000000001ef8b      0x211 Drivers/STM32G4xx_HAL_Driver/Src/stm32g4xx_hal_pwr_ex.o
 .debug_macro   0x000000000001f19c      0x223 Drivers/STM32G4xx_HAL_Driver/Src/stm32g4xx_hal_rcc.o
 .debug_macro   0x000000000001f3bf      0x211 Drivers/STM32G4xx_HAL_Driver/Src/stm32g4xx_hal_rcc_ex.o
 .debug_macro   0x000000000001f5d0      0x1ef Drivers/STM32G4xx_HAL_Driver/Src/stm32g4xx_hal_tim.o
 .debug_macro   0x000000000001f7bf      0x1ed Drivers/STM32G4xx_HAL_Driver/Src/stm32g4xx_hal_tim_ex.o

.debug_line     0x0000000000000000     0xdc90
 .debug_line    0x0000000000000000      0x88c Core/Src/main.o
 .debug_line    0x000000000000088c      0x7a5 Core/Src/stm32g4xx_hal_msp.o
 .debug_line    0x0000000000001031      0x7e7 Core/Src/stm32g4xx_it.o
 .debug_line    0x0000000000001818      0x723 Core/Src/system_stm32g4xx.o
 .debug_line    0x0000000000001f3b       0x89 Core/Startup/startup_stm32g441cbtx.o
 .debug_line    0x0000000000001fc4      0x9a9 Drivers/STM32G4xx_HAL_Driver/Src/stm32g4xx_hal.o
 .debug_line    0x000000000000296d     0x1533 Drivers/STM32G4xx_HAL_Driver/Src/stm32g4xx_hal_adc.o
 .debug_line    0x0000000000003ea0     0x1245 Drivers/STM32G4xx_HAL_Driver/Src/stm32g4xx_hal_adc_ex.o
 .debug_line    0x00000000000050e5      0xa31 Drivers/STM32G4xx_HAL_Driver/Src/stm32g4xx_hal_cortex.o
 .debug_line    0x0000000000005b16      0x972 Drivers/STM32G4xx_HAL_Driver/Src/stm32g4xx_hal_dma.o
 .debug_line    0x0000000000006488      0xeda Drivers/STM32G4xx_HAL_Driver/Src/stm32g4xx_hal_fdcan.o
 .debug_line    0x0000000000007362      0x8ab Drivers/STM32G4xx_HAL_Driver/Src/stm32g4xx_hal_gpio.o
 .debug_line    0x0000000000007c0d      0xa94 Drivers/STM32G4xx_HAL_Driver/Src/stm32g4xx_hal_pwr_ex.o
 .debug_line    0x00000000000086a1      0x9e8 Drivers/STM32G4xx_HAL_Driver/Src/stm32g4xx_hal_rcc.o
 .debug_line    0x0000000000009089      0xb92 Drivers/STM32G4xx_HAL_Driver/Src/stm32g4xx_hal_rcc_ex.o
 .debug_line    0x0000000000009c1b     0x2827 Drivers/STM32G4xx_HAL_Driver/Src/stm32g4xx_hal_tim.o
 .debug_line    0x000000000000c442     0x184e Drivers/STM32G4xx_HAL_Driver/Src/stm32g4xx_hal_tim_ex.o

.debug_str      0x0000000000000000    0xd72cb
 .debug_str     0x0000000000000000    0xd18e0 Core/Src/main.o
                                      0xd1ff7 (size before relaxing)
 .debug_str     0x00000000000d18e0       0xb6 Core/Src/stm32g4xx_hal_msp.o
                                      0xd1b25 (size before relaxing)
 .debug_str     0x00000000000d1996       0xe8 Core/Src/stm32g4xx_it.o
                                      0xd12bb (size before relaxing)
 .debug_str     0x00000000000d1a7e       0xc6 Core/Src/system_stm32g4xx.o
                                      0xd095d (size before relaxing)
 .debug_str     0x00000000000d1b44       0x36 Core/Startup/startup_stm32g441cbtx.o
                                         0x71 (size before relaxing)
 .debug_str     0x00000000000d1b7a      0x595 Drivers/STM32G4xx_HAL_Driver/Src/stm32g4xx_hal.o
                                      0xd1424 (size before relaxing)
 .debug_str     0x00000000000d210f      0xa7b Drivers/STM32G4xx_HAL_Driver/Src/stm32g4xx_hal_adc.o
                                      0xd1898 (size before relaxing)
 .debug_str     0x00000000000d2b8a      0x731 Drivers/STM32G4xx_HAL_Driver/Src/stm32g4xx_hal_adc_ex.o
                                      0xd186c (size before relaxing)
 .debug_str     0x00000000000d32bb      0x38e Drivers/STM32G4xx_HAL_Driver/Src/stm32g4xx_hal_cortex.o
                                      0xd112c (size before relaxing)
 .debug_str     0x00000000000d3649      0x2c8 Drivers/STM32G4xx_HAL_Driver/Src/stm32g4xx_hal_dma.o
                                      0xd0d1b (size before relaxing)
 .debug_str     0x00000000000d3911     0x129c Drivers/STM32G4xx_HAL_Driver/Src/stm32g4xx_hal_fdcan.o
                                      0xd1ec8 (size before relaxing)
 .debug_str     0x00000000000d4bad      0x21c Drivers/STM32G4xx_HAL_Driver/Src/stm32g4xx_hal_gpio.o
                                      0xd0bca (size before relaxing)
 .debug_str     0x00000000000d4dc9      0x4c2 Drivers/STM32G4xx_HAL_Driver/Src/stm32g4xx_hal_pwr_ex.o
                                      0xd0e3c (size before relaxing)
 .debug_str     0x00000000000d528b      0x3ab Drivers/STM32G4xx_HAL_Driver/Src/stm32g4xx_hal_rcc.o
                                      0xd0ed6 (size before relaxing)
 .debug_str     0x00000000000d5636      0x3f2 Drivers/STM32G4xx_HAL_Driver/Src/stm32g4xx_hal_rcc_ex.o
                                      0xd0fef (size before relaxing)
 .debug_str     0x00000000000d5a28      0xe76 Drivers/STM32G4xx_HAL_Driver/Src/stm32g4xx_hal_tim.o
                                      0xd1d12 (size before relaxing)
 .debug_str     0x00000000000d689e      0xa2d Drivers/STM32G4xx_HAL_Driver/Src/stm32g4xx_hal_tim_ex.o
                                      0xd19d6 (size before relaxing)

.comment        0x0000000000000000       0x7b
 .comment       0x0000000000000000       0x7b Core/Src/main.o
                                         0x7c (size before relaxing)
 .comment       0x000000000000007b       0x7c Core/Src/stm32g4xx_hal_msp.o
 .comment       0x000000000000007b       0x7c Core/Src/stm32g4xx_it.o
 .comment       0x000000000000007b       0x7c Core/Src/system_stm32g4xx.o
 .comment       0x000000000000007b       0x7c Drivers/STM32G4xx_HAL_Driver/Src/stm32g4xx_hal.o
 .comment       0x000000000000007b       0x7c Drivers/STM32G4xx_HAL_Driver/Src/stm32g4xx_hal_adc.o
 .comment       0x000000000000007b       0x7c Drivers/STM32G4xx_HAL_Driver/Src/stm32g4xx_hal_adc_ex.o
 .comment       0x000000000000007b       0x7c Drivers/STM32G4xx_HAL_Driver/Src/stm32g4xx_hal_cortex.o
 .comment       0x000000000000007b       0x7c Drivers/STM32G4xx_HAL_Driver/Src/stm32g4xx_hal_dma.o
 .comment       0x000000000000007b       0x7c Drivers/STM32G4xx_HAL_Driver/Src/stm32g4xx_hal_fdcan.o
 .comment       0x000000000000007b       0x7c Drivers/STM32G4xx_HAL_Driver/Src/stm32g4xx_hal_gpio.o
 .comment       0x000000000000007b       0x7c Drivers/STM32G4xx_HAL_Driver/Src/stm32g4xx_hal_pwr_ex.o
 .comment       0x000000000000007b       0x7c Drivers/STM32G4xx_HAL_Driver/Src/stm32g4xx_hal_rcc.o
 .comment       0x000000000000007b       0x7c Drivers/STM32G4xx_HAL_Driver/Src/stm32g4xx_hal_rcc_ex.o
 .comment       0x000000000000007b       0x7c Drivers/STM32G4xx_HAL_Driver/Src/stm32g4xx_hal_tim.o
 .comment       0x000000000000007b       0x7c Drivers/STM32G4xx_HAL_Driver/Src/stm32g4xx_hal_tim_ex.o

.debug_frame    0x0000000000000000     0x5584
 .debug_frame   0x0000000000000000      0x18c Core/Src/main.o
 .debug_frame   0x000000000000018c      0x10c Core/Src/stm32g4xx_hal_msp.o
 .debug_frame   0x0000000000000298      0x158 Core/Src/stm32g4xx_it.o
 .debug_frame   0x00000000000003f0       0x58 Core/Src/system_stm32g4xx.o
 .debug_frame   0x0000000000000448      0x4a0 Drivers/STM32G4xx_HAL_Driver/Src/stm32g4xx_hal.o
 .debug_frame   0x00000000000008e8      0xacc Drivers/STM32G4xx_HAL_Driver/Src/stm32g4xx_hal_adc.o
 .debug_frame   0x00000000000013b4      0x81c Drivers/STM32G4xx_HAL_Driver/Src/stm32g4xx_hal_adc_ex.o
 .debug_frame   0x0000000000001bd0      0x498 Drivers/STM32G4xx_HAL_Driver/Src/stm32g4xx_hal_cortex.o
 .debug_frame   0x0000000000002068      0x24c Drivers/STM32G4xx_HAL_Driver/Src/stm32g4xx_hal_dma.o
 .debug_frame   0x00000000000022b4      0x9b0 Drivers/STM32G4xx_HAL_Driver/Src/stm32g4xx_hal_fdcan.o
 .debug_frame   0x0000000000002c64      0x14c Drivers/STM32G4xx_HAL_Driver/Src/stm32g4xx_hal_gpio.o
 .debug_frame   0x0000000000002db0      0x4fc Drivers/STM32G4xx_HAL_Driver/Src/stm32g4xx_hal_pwr_ex.o
 .debug_frame   0x00000000000032ac      0x23c Drivers/STM32G4xx_HAL_Driver/Src/stm32g4xx_hal_rcc.o
 .debug_frame   0x00000000000034e8      0x2ac Drivers/STM32G4xx_HAL_Driver/Src/stm32g4xx_hal_rcc_ex.o
 .debug_frame   0x0000000000003794     0x121c Drivers/STM32G4xx_HAL_Driver/Src/stm32g4xx_hal_tim.o
 .debug_frame   0x00000000000049b0      0xa68 Drivers/STM32G4xx_HAL_Driver/Src/stm32g4xx_hal_tim_ex.o
 .debug_frame   0x0000000000005418       0x2c c:/st/stm32cubeide_1.5.0/stm32cubeide/plugins/com.st.stm32cube.ide.mcu.externaltools.gnu-tools-for-stm32.7-2018-q2-update.win32_1.5.0.202011040924/tools/bin/../lib/gcc/arm-none-eabi/7.3.1/../../../../arm-none-eabi/lib/thumb/v7e-m/fpv4-sp/hard\libc_nano.a(lib_a-init.o)
 .debug_frame   0x0000000000005444       0x20 c:/st/stm32cubeide_1.5.0/stm32cubeide/plugins/com.st.stm32cube.ide.mcu.externaltools.gnu-tools-for-stm32.7-2018-q2-update.win32_1.5.0.202011040924/tools/bin/../lib/gcc/arm-none-eabi/7.3.1/../../../../arm-none-eabi/lib/thumb/v7e-m/fpv4-sp/hard\libc_nano.a(lib_a-memset.o)
 .debug_frame   0x0000000000005464       0xac c:/st/stm32cubeide_1.5.0/stm32cubeide/plugins/com.st.stm32cube.ide.mcu.externaltools.gnu-tools-for-stm32.7-2018-q2-update.win32_1.5.0.202011040924/tools/bin/../lib/gcc/arm-none-eabi/7.3.1/thumb/v7e-m/fpv4-sp/hard\libgcc.a(_arm_addsubdf3.o)
 .debug_frame   0x0000000000005510       0x50 c:/st/stm32cubeide_1.5.0/stm32cubeide/plugins/com.st.stm32cube.ide.mcu.externaltools.gnu-tools-for-stm32.7-2018-q2-update.win32_1.5.0.202011040924/tools/bin/../lib/gcc/arm-none-eabi/7.3.1/thumb/v7e-m/fpv4-sp/hard\libgcc.a(_arm_muldivdf3.o)
 .debug_frame   0x0000000000005560       0x24 c:/st/stm32cubeide_1.5.0/stm32cubeide/plugins/com.st.stm32cube.ide.mcu.externaltools.gnu-tools-for-stm32.7-2018-q2-update.win32_1.5.0.202011040924/tools/bin/../lib/gcc/arm-none-eabi/7.3.1/thumb/v7e-m/fpv4-sp/hard\libgcc.a(_arm_truncdfsf2.o)
